Archive member included to satisfy reference by file (symbol)

/Applications/Arduino.app/Contents/Java/hardware/tools/avr/bin/../lib/gcc/avr/4.9.2/../../../../avr/lib/avr5/libm.a(fixsfsi.o)
                              obj_ml65/common/mousekey.o (__fixsfsi)
/Applications/Arduino.app/Contents/Java/hardware/tools/avr/bin/../lib/gcc/avr/4.9.2/../../../../avr/lib/avr5/libm.a(fixunssfsi.o)
                              /Applications/Arduino.app/Contents/Java/hardware/tools/avr/bin/../lib/gcc/avr/4.9.2/../../../../avr/lib/avr5/libm.a(fixsfsi.o) (__fixunssfsi)
/Applications/Arduino.app/Contents/Java/hardware/tools/avr/bin/../lib/gcc/avr/4.9.2/../../../../avr/lib/avr5/libm.a(floatsisf.o)
                              obj_ml65/common/mousekey.o (__floatsisf)
/Applications/Arduino.app/Contents/Java/hardware/tools/avr/bin/../lib/gcc/avr/4.9.2/../../../../avr/lib/avr5/libm.a(fp_split3.o)
                              /Applications/Arduino.app/Contents/Java/hardware/tools/avr/bin/../lib/gcc/avr/4.9.2/../../../../avr/lib/avr5/libm.a(fixunssfsi.o) (__fp_splitA)
/Applications/Arduino.app/Contents/Java/hardware/tools/avr/bin/../lib/gcc/avr/4.9.2/../../../../avr/lib/avr5/libm.a(fp_zero.o)
                              /Applications/Arduino.app/Contents/Java/hardware/tools/avr/bin/../lib/gcc/avr/4.9.2/../../../../avr/lib/avr5/libm.a(fixunssfsi.o) (__fp_zero)
/Applications/Arduino.app/Contents/Java/hardware/tools/avr/bin/../lib/gcc/avr/4.9.2/../../../../avr/lib/avr5/libm.a(mulsf3.o)
                              obj_ml65/common/mousekey.o (__mulsf3)
/Applications/Arduino.app/Contents/Java/hardware/tools/avr/bin/../lib/gcc/avr/4.9.2/../../../../avr/lib/avr5/libm.a(mulsf3x.o)
                              /Applications/Arduino.app/Contents/Java/hardware/tools/avr/bin/../lib/gcc/avr/4.9.2/../../../../avr/lib/avr5/libm.a(mulsf3.o) (__mulsf3x)
/Applications/Arduino.app/Contents/Java/hardware/tools/avr/bin/../lib/gcc/avr/4.9.2/../../../../avr/lib/avr5/libm.a(fp_inf.o)
                              /Applications/Arduino.app/Contents/Java/hardware/tools/avr/bin/../lib/gcc/avr/4.9.2/../../../../avr/lib/avr5/libm.a(mulsf3x.o) (__fp_inf)
/Applications/Arduino.app/Contents/Java/hardware/tools/avr/bin/../lib/gcc/avr/4.9.2/../../../../avr/lib/avr5/libm.a(fp_nan.o)
                              /Applications/Arduino.app/Contents/Java/hardware/tools/avr/bin/../lib/gcc/avr/4.9.2/../../../../avr/lib/avr5/libm.a(mulsf3x.o) (__fp_nan)
/Applications/Arduino.app/Contents/Java/hardware/tools/avr/bin/../lib/gcc/avr/4.9.2/../../../../avr/lib/avr5/libm.a(fp_pscA.o)
                              /Applications/Arduino.app/Contents/Java/hardware/tools/avr/bin/../lib/gcc/avr/4.9.2/../../../../avr/lib/avr5/libm.a(mulsf3x.o) (__fp_pscA)
/Applications/Arduino.app/Contents/Java/hardware/tools/avr/bin/../lib/gcc/avr/4.9.2/../../../../avr/lib/avr5/libm.a(fp_pscB.o)
                              /Applications/Arduino.app/Contents/Java/hardware/tools/avr/bin/../lib/gcc/avr/4.9.2/../../../../avr/lib/avr5/libm.a(mulsf3x.o) (__fp_pscB)
/Applications/Arduino.app/Contents/Java/hardware/tools/avr/bin/../lib/gcc/avr/4.9.2/../../../../avr/lib/avr5/libm.a(fp_round.o)
                              /Applications/Arduino.app/Contents/Java/hardware/tools/avr/bin/../lib/gcc/avr/4.9.2/../../../../avr/lib/avr5/libm.a(mulsf3.o) (__fp_round)
/Applications/Arduino.app/Contents/Java/hardware/tools/avr/bin/../lib/gcc/avr/4.9.2/avr5/libgcc.a(_udivmodqi4.o)
                              obj_ml65/protocol/lufa/lufa.o (__udivmodqi4)
/Applications/Arduino.app/Contents/Java/hardware/tools/avr/bin/../lib/gcc/avr/4.9.2/avr5/libgcc.a(_divmodhi4.o)
                              obj_ml65/common/mousekey.o (__divmodhi4)
/Applications/Arduino.app/Contents/Java/hardware/tools/avr/bin/../lib/gcc/avr/4.9.2/avr5/libgcc.a(_exit.o)
                              /Applications/Arduino.app/Contents/Java/hardware/tools/avr/bin/../lib/gcc/avr/4.9.2/../../../../avr/lib/avr5/crtatmega32u4.o (exit)
/Applications/Arduino.app/Contents/Java/hardware/tools/avr/bin/../lib/gcc/avr/4.9.2/avr5/libgcc.a(_tablejump2.o)
                              obj_ml65/protocol/lufa/LUFA-git/LUFA/Drivers/USB/Core/DeviceStandardReq.o (__tablejump2__)
/Applications/Arduino.app/Contents/Java/hardware/tools/avr/bin/../lib/gcc/avr/4.9.2/avr5/libgcc.a(_copy_data.o)
                              obj_ml65/matrix.o (__do_copy_data)
/Applications/Arduino.app/Contents/Java/hardware/tools/avr/bin/../lib/gcc/avr/4.9.2/avr5/libgcc.a(_clear_bss.o)
                              obj_ml65/matrix.o (__do_clear_bss)
/Applications/Arduino.app/Contents/Java/hardware/tools/avr/bin/../lib/gcc/avr/4.9.2/avr5/libgcc.a(_udivmodhi4.o)
                              /Applications/Arduino.app/Contents/Java/hardware/tools/avr/bin/../lib/gcc/avr/4.9.2/avr5/libgcc.a(_divmodhi4.o) (__udivmodhi4)
/Applications/Arduino.app/Contents/Java/hardware/tools/avr/bin/../lib/gcc/avr/4.9.2/../../../../avr/lib/avr5/libatmega32u4.a(eerd_byte.o)
[...]
Memory Configuration

Name             Origin             Length             Attributes
text             0x00000000         0x00020000         xr
data             0x00800060         0x0000ffa0         rw !x
eeprom           0x00810000         0x00010000         rw !x
fuse             0x00820000         0x00000003         rw !x
lock             0x00830000         0x00000400         rw !x
signature        0x00840000         0x00000400         rw !x
user_signatures  0x00850000         0x00000400         rw !x
*default*        0x00000000         0xffffffff

Linker script and memory map

Address of section .data set to 0x800100
LOAD /Applications/Arduino.app/Contents/Java/hardware/tools/avr/bin/../lib/gcc/avr/4.9.2/../../../../avr/lib/avr5/crtatmega32u4.o
LOAD obj_ml65/matrix.o
LOAD obj_ml65/led.o
LOAD obj_ml65/keymap.o
LOAD obj_ml65/protocol/lufa/lufa.o
LOAD obj_ml65/protocol/lufa/descriptor.o
LOAD obj_ml65/protocol/lufa/LUFA-git/LUFA/Drivers/USB/Class/Common/HIDParser.o
LOAD obj_ml65/protocol/lufa/LUFA-git/LUFA/Drivers/USB/Core/AVR8/Device_AVR8.o
LOAD obj_ml65/protocol/lufa/LUFA-git/LUFA/Drivers/USB/Core/AVR8/EndpointStream_AVR8.o
LOAD obj_ml65/protocol/lufa/LUFA-git/LUFA/Drivers/USB/Core/AVR8/Endpoint_AVR8.o
LOAD obj_ml65/protocol/lufa/LUFA-git/LUFA/Drivers/USB/Core/AVR8/Host_AVR8.o
LOAD obj_ml65/protocol/lufa/LUFA-git/LUFA/Drivers/USB/Core/AVR8/PipeStream_AVR8.o
LOAD obj_ml65/protocol/lufa/LUFA-git/LUFA/Drivers/USB/Core/AVR8/Pipe_AVR8.o
LOAD obj_ml65/protocol/lufa/LUFA-git/LUFA/Drivers/USB/Core/AVR8/USBController_AVR8.o
LOAD obj_ml65/protocol/lufa/LUFA-git/LUFA/Drivers/USB/Core/AVR8/USBInterrupt_AVR8.o
LOAD obj_ml65/protocol/lufa/LUFA-git/LUFA/Drivers/USB/Core/ConfigDescriptors.o
LOAD obj_ml65/protocol/lufa/LUFA-git/LUFA/Drivers/USB/Core/DeviceStandardReq.o
LOAD obj_ml65/protocol/lufa/LUFA-git/LUFA/Drivers/USB/Core/Events.o
LOAD obj_ml65/protocol/lufa/LUFA-git/LUFA/Drivers/USB/Core/HostStandardReq.o
LOAD obj_ml65/protocol/lufa/LUFA-git/LUFA/Drivers/USB/Core/USBTask.o
LOAD obj_ml65/common/host.o
LOAD obj_ml65/common/keyboard.o
LOAD obj_ml65/common/matrix.o
LOAD obj_ml65/common/action.o
LOAD obj_ml65/common/action_tapping.o
LOAD obj_ml65/common/action_macro.o
LOAD obj_ml65/common/action_layer.o
LOAD obj_ml65/common/action_util.o
LOAD obj_ml65/common/print.o
LOAD obj_ml65/common/debug.o
LOAD obj_ml65/common/util.o
LOAD obj_ml65/common/hook.o
LOAD obj_ml65/common/avr/suspend.o
LOAD obj_ml65/common/avr/xprintf.o
LOAD obj_ml65/common/avr/timer.o
LOAD obj_ml65/common/avr/bootloader.o
LOAD obj_ml65/common/keymap.o
LOAD obj_ml65/common/bootmagic.o
LOAD obj_ml65/common/avr/eeconfig.o
LOAD obj_ml65/common/mousekey.o
LOAD obj_ml65/common/command.o
LOAD obj_ml65/common/avr/sleep_led.o
LOAD /Applications/Arduino.app/Contents/Java/hardware/tools/avr/bin/../lib/gcc/avr/4.9.2/../../../../avr/lib/avr5/libm.a
START GROUP
LOAD /Applications/Arduino.app/Contents/Java/hardware/tools/avr/bin/../lib/gcc/avr/4.9.2/avr5/libgcc.a
LOAD /Applications/Arduino.app/Contents/Java/hardware/tools/avr/bin/../lib/gcc/avr/4.9.2/../../../../avr/lib/avr5/libm.a
LOAD /Applications/Arduino.app/Contents/Java/hardware/tools/avr/bin/../lib/gcc/avr/4.9.2/../../../../avr/lib/avr5/libc.a
LOAD /Applications/Arduino.app/Contents/Java/hardware/tools/avr/bin/../lib/gcc/avr/4.9.2/../../../../avr/lib/avr5/libatmega32u4.a
END GROUP
                0x00020000                __TEXT_REGION_LENGTH__ = DEFINED (__TEXT_REGION_LENGTH__)?__TEXT_REGION_LENGTH__:0x20000
                0x0000ffa0                __DATA_REGION_LENGTH__ = DEFINED (__DATA_REGION_LENGTH__)?__DATA_REGION_LENGTH__:0xffa0
                0x00010000                __EEPROM_REGION_LENGTH__ = DEFINED (__EEPROM_REGION_LENGTH__)?__EEPROM_REGION_LENGTH__:0x10000
                [0x00000003]                __FUSE_REGION_LENGTH__ = DEFINED (__FUSE_REGION_LENGTH__)?__FUSE_REGION_LENGTH__:0x400
                0x00000400                __LOCK_REGION_LENGTH__ = DEFINED (__LOCK_REGION_LENGTH__)?__LOCK_REGION_LENGTH__:0x400
                0x00000400                __SIGNATURE_REGION_LENGTH__ = DEFINED (__SIGNATURE_REGION_LENGTH__)?__SIGNATURE_REGION_LENGTH__:0x400
                0x00000400                __USER_SIGNATURE_REGION_LENGTH__ = DEFINED (__USER_SIGNATURE_REGION_LENGTH__)?__USER_SIGNATURE_REGION_LENGTH__:0x400

.hash
 *(.hash)

.dynsym
 *(.dynsym)

.dynstr
 *(.dynstr)

.gnu.version
 *(.gnu.version)

.gnu.version_d
 *(.gnu.version_d)

.gnu.version_r
 *(.gnu.version_r)

.rel.init
 *(.rel.init)

.rela.init
 *(.rela.init)

.rel.text
 *(.rel.text)
 *(.rel.text.*)
 *(.rel.gnu.linkonce.t*)

.rela.text
 *(.rela.text)
 *(.rela.text.*)
 *(.rela.gnu.linkonce.t*)

.rel.fini
 *(.rel.fini)

.rela.fini
 *(.rela.fini)

.rel.rodata
 *(.rel.rodata)
 *(.rel.rodata.*)
 *(.rel.gnu.linkonce.r*)

.rela.rodata
 *(.rela.rodata)
 *(.rela.rodata.*)
 *(.rela.gnu.linkonce.r*)

.rel.data
 *(.rel.data)
 *(.rel.data.*)
 *(.rel.gnu.linkonce.d*)

.rela.data
 *(.rela.data)
 *(.rela.data.*)
 *(.rela.gnu.linkonce.d*)

.rel.ctors
 *(.rel.ctors)

.rela.ctors
 *(.rela.ctors)

.rel.dtors
 *(.rel.dtors)

.rela.dtors
 *(.rela.dtors)

.rel.got
 *(.rel.got)

.rela.got
 *(.rela.got)

.rel.bss
 *(.rel.bss)

.rela.bss
 *(.rela.bss)

.rel.plt
 *(.rel.plt)

.rela.plt
 *(.rela.plt)

.text           0x00000000     0x5214
 *(.vectors)
 .vectors       0x00000000       0xac /Applications/Arduino.app/Contents/Java/hardware/tools/avr/bin/../lib/gcc/avr/4.9.2/../../../../avr/lib/avr5/crtatmega32u4.o
                0x00000000                __vectors
                0x00000000                __vector_default
 *(.vectors)
 *(.progmem.gcc*)
 .progmem.gcc_sw_table.USB_Device_ProcessControlRequest
                0x000000ac       0x14 obj_ml65/protocol/lufa/LUFA-git/LUFA/Drivers/USB/Core/DeviceStandardReq.o
 .progmem.gcc_sw_table.process_action
                0x000000c0       0x20 obj_ml65/common/action.o
                0x000000e0                . = ALIGN (0x2)
                0x000000e0                __trampolines_start = .
 *(.trampolines)
 .trampolines   0x000000e0        0x0 linker stubs
 *(.trampolines*)
                0x000000e0                __trampolines_end = .
 *libprintf_flt.a:*(.progmem.data)
 *libc.a:*(.progmem.data)
 *(.progmem*)
 .progmem.data.__c.1913
                0x000000e0        0x2 obj_ml65/matrix.o
 .progmem.data.__c.1911
                0x000000e2        0x6 obj_ml65/matrix.o
 .progmem.data.__c.1909
                0x000000e8        0x3 obj_ml65/matrix.o
 .progmem.data.__c.1907
                0x000000eb        0x5 obj_ml65/matrix.o
 .progmem.data.__c.1904
                0x000000f0       0x17 obj_ml65/matrix.o
 .progmem.data.__c.1882
                0x00000107        0x2 obj_ml65/matrix.o
 .progmem.data.__c.1880
                0x00000109        0x5 obj_ml65/matrix.o
 .progmem.data.__c.1878
                0x0000010e        0xa obj_ml65/matrix.o
 .progmem.data.fn_actions
                0x00000118        0x0 obj_ml65/keymap.o
                0x00000118                fn_actions
 .progmem.data.keymaps
                0x00000118        0x2 obj_ml65/keymap.o
                0x00000118                keymaps
 .progmem.data.__c.4888
                0x0000011a       0x11 obj_ml65/protocol/lufa/lufa.o
 .progmem.data.__c.4886
                0x0000012b       0x11 obj_ml65/protocol/lufa/lufa.o
 .progmem.data.__c.4881
                0x0000013c        0x8 obj_ml65/protocol/lufa/lufa.o
 .progmem.data.__c.4775
                0x00000144        0x4 obj_ml65/protocol/lufa/lufa.o
 .progmem.data.__c.4770
                0x00000148        0x4 obj_ml65/protocol/lufa/lufa.o
 .progmem.data.ProductString
                0x0000014c        0xc obj_ml65/protocol/lufa/descriptor.o
                0x0000014c                ProductString
 .progmem.data.ManufacturerString
                0x00000158       0x10 obj_ml65/protocol/lufa/descriptor.o
                0x00000158                ManufacturerString
 .progmem.data.LanguageString
                0x00000168        0x4 obj_ml65/protocol/lufa/descriptor.o
                0x00000168                LanguageString
 .progmem.data.ConfigurationDescriptor
                0x0000016c       0x8d obj_ml65/protocol/lufa/descriptor.o
                0x0000016c                ConfigurationDescriptor
 .progmem.data.DeviceDescriptor
                0x000001f9       0x12 obj_ml65/protocol/lufa/descriptor.o
                0x000001f9                DeviceDescriptor
 .progmem.data.NKROReport
                0x0000020b       0x39 obj_ml65/protocol/lufa/descriptor.o
                0x0000020b                NKROReport
 .progmem.data.ConsoleReport
                0x00000244       0x22 obj_ml65/protocol/lufa/descriptor.o
                0x00000244                ConsoleReport
 .progmem.data.ExtrakeyReport
                0x00000266       0x36 obj_ml65/protocol/lufa/descriptor.o
                0x00000266                ExtrakeyReport
 .progmem.data.MouseReport
                0x0000029c       0x4d obj_ml65/protocol/lufa/descriptor.o
                0x0000029c                MouseReport
 .progmem.data.KeyboardReport
                0x000002e9       0x40 obj_ml65/protocol/lufa/descriptor.o
                0x000002e9                KeyboardReport
 .progmem.data.__c.4485
                0x00000329       0x10 obj_ml65/common/host.o
 .progmem.data.__c.4480
                0x00000339        0xe obj_ml65/common/host.o
 .progmem.data.__c.4472
                0x00000347        0x2 obj_ml65/common/host.o
 .progmem.data.__c.4467
                0x00000349        0x6 obj_ml65/common/host.o
 .progmem.data.__c.4464
                0x0000034f        0xb obj_ml65/common/host.o
 .progmem.data.__c.4826
                0x0000035a        0xb obj_ml65/common/keyboard.o
 .progmem.data.__c.4612
                0x00000365       0x1e obj_ml65/common/action_util.o
 .progmem.data.__c.4607
                0x00000383       0x1e obj_ml65/common/action_util.o
 .progmem.data.__c.4778
                0x000003a1        0x7 obj_ml65/common/bootmagic.o
 .progmem.data.__c.4772
                0x000003a8       0x15 obj_ml65/common/bootmagic.o
 .progmem.data.__c.4544
                0x000003bd        0x3 obj_ml65/common/mousekey.o
 .progmem.data.__c.4542
                0x000003c0        0x3 obj_ml65/common/mousekey.o
 .progmem.data.__c.4540
                0x000003c3        0x2 obj_ml65/common/mousekey.o
 .progmem.data.__c.4538
                0x000003c5        0x3 obj_ml65/common/mousekey.o
 .progmem.data.__c.4536
                0x000003c8        0x3 obj_ml65/common/mousekey.o
 .progmem.data.__c.4534
                0x000003cb        0x3 obj_ml65/common/mousekey.o
 .progmem.data.__c.4532
                0x000003ce        0x2 obj_ml65/common/mousekey.o
 .progmem.data.__c.4530
                0x000003d0        0x3 obj_ml65/common/mousekey.o
 .progmem.data.__c.4528
                0x000003d3        0x2 obj_ml65/common/mousekey.o
 .progmem.data.__c.4526
                0x000003d5        0x3 obj_ml65/common/mousekey.o
 .progmem.data.__c.4524
                0x000003d8        0x2 obj_ml65/common/mousekey.o
 .progmem.data.__c.4522
                0x000003da        0x3 obj_ml65/common/mousekey.o
 .progmem.data.__c.4520
                0x000003dd        0x2 obj_ml65/common/mousekey.o
 .progmem.data.__c.4518
                0x000003df        0x5 obj_ml65/common/mousekey.o
 .progmem.data.__c.4516
                0x000003e4       0x23 obj_ml65/common/mousekey.o
 .progmem.data.__c.5155
                0x00000407       0x1b obj_ml65/common/command.o
 .progmem.data.__c.5152
                0x00000422       0x19 obj_ml65/common/command.o
 .progmem.data.__c.5149
                0x0000043b       0x15 obj_ml65/common/command.o
 .progmem.data.__c.5146
                0x00000450       0x13 obj_ml65/common/command.o
 .progmem.data.__c.5143
                0x00000463       0x12 obj_ml65/common/command.o
 .progmem.data.__c.5139
                0x00000475        0xf obj_ml65/common/command.o
 .progmem.data.__c.5132
                0x00000484       0x1b obj_ml65/common/command.o
 .progmem.data.__c.5129
                0x0000049f       0x19 obj_ml65/common/command.o
 .progmem.data.__c.5126
                0x000004b8       0x15 obj_ml65/common/command.o
 .progmem.data.__c.5123
                0x000004cd       0x13 obj_ml65/common/command.o
 .progmem.data.__c.5120
                0x000004e0       0x12 obj_ml65/common/command.o
 .progmem.data.__c.5116
                0x000004f2        0xf obj_ml65/common/command.o
 .progmem.data.__c.5109
                0x00000501        0x2 obj_ml65/common/command.o
 .progmem.data.__c.5107
                0x00000503        0x3 obj_ml65/common/command.o
 .progmem.data.__c.5105
                0x00000506       0x17 obj_ml65/common/command.o
 .progmem.data.__c.5103
                0x0000051d        0x2 obj_ml65/common/command.o
 .progmem.data.__c.5101
                0x0000051f        0x3 obj_ml65/common/command.o
 .progmem.data.__c.5099
                0x00000522       0x15 obj_ml65/common/command.o
 .progmem.data.__c.5097
                0x00000537        0x2 obj_ml65/common/command.o
 .progmem.data.__c.5095
                0x00000539        0x3 obj_ml65/common/command.o
 .progmem.data.__c.5093
                0x0000053c       0x11 obj_ml65/common/command.o
 .progmem.data.__c.5091
                0x0000054d        0x2 obj_ml65/common/command.o
 .progmem.data.__c.5089
                0x0000054f        0x3 obj_ml65/common/command.o
 .progmem.data.__c.5087
                0x00000552        0xf obj_ml65/common/command.o
 .progmem.data.__c.5085
                0x00000561        0x2 obj_ml65/common/command.o
 .progmem.data.__c.5083
                0x00000563        0x3 obj_ml65/common/command.o
 .progmem.data.__c.5081
                0x00000566       0x12 obj_ml65/common/command.o
 .progmem.data.__c.5079
                0x00000578        0x2 obj_ml65/common/command.o
 .progmem.data.__c.5077
                0x0000057a        0x3 obj_ml65/common/command.o
 .progmem.data.__c.5075
                0x0000057d       0x12 obj_ml65/common/command.o
 .progmem.data.__c.5073
                0x0000058f        0xe obj_ml65/common/command.o
 .progmem.data.__c.5193
                0x0000059d        0x3 obj_ml65/common/command.o
 .progmem.data.__c.5191
                0x000005a0        0x6 obj_ml65/common/command.o
 .progmem.data.__c.5189
                0x000005a6        0x2 obj_ml65/common/command.o
 .progmem.data.__c.5186
                0x000005a8        0xd obj_ml65/common/command.o
 .progmem.data.__c.5172
                0x000005b5        0x4 obj_ml65/common/command.o
 .progmem.data.__c.5162
                0x000005b9       0x4e obj_ml65/common/command.o
 .progmem.data.__c.5160
                0x00000607       0xfb obj_ml65/common/command.o
 .progmem.data.__c.5065
                0x00000702        0x2 obj_ml65/common/command.o
 .progmem.data.__c.5062
                0x00000704        0x4 obj_ml65/common/command.o
 .progmem.data.__c.5067
                0x00000708        0x4 obj_ml65/common/command.o
 .progmem.data.__c.5211
                0x0000070c        0x5 obj_ml65/common/command.o
 .progmem.data.__c.5051
                0x00000711       0x27 obj_ml65/common/command.o
 .progmem.data.__c.4872
                0x00000738       0xb7 obj_ml65/common/command.o
 .progmem.data.__c.4967
                0x000007ef        0x2 obj_ml65/common/command.o
 .progmem.data.__c.4965
                0x000007f1        0x3 obj_ml65/common/command.o
 .progmem.data.__c.4963
                0x000007f4        0x8 obj_ml65/common/command.o
 .progmem.data.__c.4961
                0x000007fc        0x2 obj_ml65/common/command.o
 .progmem.data.__c.4959
                0x000007fe        0x3 obj_ml65/common/command.o
 .progmem.data.__c.4957
                0x00000801       0x1c obj_ml65/common/command.o
 .progmem.data.__c.4955
                0x0000081d        0x2 obj_ml65/common/command.o
 .progmem.data.__c.4953
                0x0000081f        0x3 obj_ml65/common/command.o
 .progmem.data.__c.4951
                0x00000822       0x12 obj_ml65/common/command.o
 .progmem.data.__c.4949
                0x00000834        0x2 obj_ml65/common/command.o
 .progmem.data.__c.4947
                0x00000836        0x3 obj_ml65/common/command.o
 .progmem.data.__c.4945
                0x00000839        0xa obj_ml65/common/command.o
 .progmem.data.__c.4943
                0x00000843        0x2 obj_ml65/common/command.o
 .progmem.data.__c.4941
                0x00000845        0x3 obj_ml65/common/command.o
 .progmem.data.__c.4939
                0x00000848       0x12 obj_ml65/common/command.o
 .progmem.data.__c.4937
                0x0000085a        0x2 obj_ml65/common/command.o
 .progmem.data.__c.4935
                0x0000085c        0x3 obj_ml65/common/command.o
 .progmem.data.__c.4933
                0x0000085f       0x12 obj_ml65/common/command.o
 .progmem.data.__c.4931
                0x00000871        0x2 obj_ml65/common/command.o
 .progmem.data.__c.4929
                0x00000873        0x3 obj_ml65/common/command.o
 .progmem.data.__c.4927
                0x00000876       0x17 obj_ml65/common/command.o
 .progmem.data.__c.4925
                0x0000088d        0x2 obj_ml65/common/command.o
 .progmem.data.__c.4923
                0x0000088f        0x3 obj_ml65/common/command.o
 .progmem.data.__c.4921
                0x00000892       0x19 obj_ml65/common/command.o
 .progmem.data.__c.4919
                0x000008ab        0x2 obj_ml65/common/command.o
 .progmem.data.__c.4917
                0x000008ad        0x5 obj_ml65/common/command.o
 .progmem.data.__c.4915
                0x000008b2       0x14 obj_ml65/common/command.o
 .progmem.data.__c.4912
                0x000008c6        0x2 obj_ml65/common/command.o
 .progmem.data.__c.4910
                0x000008c8        0x3 obj_ml65/common/command.o
 .progmem.data.__c.4908
                0x000008cb        0x9 obj_ml65/common/command.o
 .progmem.data.__c.4906
                0x000008d4        0x2 obj_ml65/common/command.o
 .progmem.data.__c.4904
                0x000008d6        0x3 obj_ml65/common/command.o
 .progmem.data.__c.4902
                0x000008d9        0xc obj_ml65/common/command.o
 .progmem.data.__c.4900
                0x000008e5        0x2 obj_ml65/common/command.o
 .progmem.data.__c.4898
                0x000008e7        0x3 obj_ml65/common/command.o
 .progmem.data.__c.4896
                0x000008ea        0xa obj_ml65/common/command.o
 .progmem.data.__c.4894
                0x000008f4        0x2 obj_ml65/common/command.o
 .progmem.data.__c.4892
                0x000008f6        0x3 obj_ml65/common/command.o
 .progmem.data.__c.4890
                0x000008f9        0xa obj_ml65/common/command.o
 .progmem.data.__c.4888
                0x00000903        0x2 obj_ml65/common/command.o
 .progmem.data.__c.4886
                0x00000905        0x5 obj_ml65/common/command.o
 .progmem.data.__c.4884
                0x0000090a       0x13 obj_ml65/common/command.o
 .progmem.data.__c.4881
                0x0000091d        0x2 obj_ml65/common/command.o
 .progmem.data.__c.4879
                0x0000091f        0x3 obj_ml65/common/command.o
 .progmem.data.__c.4877
                0x00000922       0x10 obj_ml65/common/command.o
 .progmem.data.__c.5046
                0x00000932        0x2 obj_ml65/common/command.o
 .progmem.data.__c.5037
                0x00000934        0xb obj_ml65/common/command.o
 .progmem.data.__c.5035
                0x0000093f        0xa obj_ml65/common/command.o
 .progmem.data.__c.5032
                0x00000949       0x17 obj_ml65/common/command.o
 .progmem.data.__c.5030
                0x00000960       0x13 obj_ml65/common/command.o
 .progmem.data.__c.5028
                0x00000973       0x13 obj_ml65/common/command.o
 .progmem.data.__c.5026
                0x00000986       0x17 obj_ml65/common/command.o
 .progmem.data.__c.5024
                0x0000099d       0x1a obj_ml65/common/command.o
 .progmem.data.__c.5022
                0x000009b7        0xe obj_ml65/common/command.o
 .progmem.data.__c.5019
                0x000009c5       0x2b obj_ml65/common/command.o
 .progmem.data.__c.5017
                0x000009f0       0x45 obj_ml65/common/command.o
 .progmem.data.__c.5015
                0x00000a35       0x27 obj_ml65/common/command.o
 .progmem.data.__c.5013
                0x00000a5c       0x33 obj_ml65/common/command.o
 .progmem.data.__c.5011
                0x00000a8f       0x23 obj_ml65/common/command.o
 .progmem.data.__c.5009
                0x00000ab2        0xf obj_ml65/common/command.o
 .progmem.data.__c.5006
                0x00000ac1        0xd obj_ml65/common/command.o
 .progmem.data.__c.5004
                0x00000ace        0xc obj_ml65/common/command.o
 .progmem.data.__c.5001
                0x00000ada       0x10 obj_ml65/common/command.o
 .progmem.data.__c.4999
                0x00000aea        0xf obj_ml65/common/command.o
 .progmem.data.__c.4996
                0x00000af9        0xe obj_ml65/common/command.o
 .progmem.data.__c.4994
                0x00000b07        0xd obj_ml65/common/command.o
 .progmem.data.__c.4991
                0x00000b14        0xc obj_ml65/common/command.o
 .progmem.data.__c.4989
                0x00000b20        0xd obj_ml65/common/command.o
 .progmem.data.__c.4986
                0x00000b2d       0x11 obj_ml65/common/command.o
 .progmem.data.__c.4983
                0x00000b3e        0x4 obj_ml65/common/command.o
 .progmem.data.__c.4978
                0x00000b42        0xb obj_ml65/common/command.o
 .progmem.data.__c.4974
                0x00000b4d       0x10 obj_ml65/common/command.o
 .progmem.data.breathing_table
                0x00000b5d       0x40 obj_ml65/common/avr/sleep_led.o
                0x00000b9e                . = ALIGN (0x2)
 *fill*         0x00000b9d        0x1 
 *(.jumptables)
 *(.jumptables*)
 *(.lowtext)
 *(.lowtext*)
                0x00000b9e                __ctors_start = .
 *(.ctors)
                0x00000b9e                __ctors_end = .
                0x00000b9e                __dtors_start = .
 *(.dtors)
                0x00000b9e                __dtors_end = .
 SORT(*)(.ctors)
 SORT(*)(.dtors)
 *(.init0)
 .init0         0x00000b9e        0x0 /Applications/Arduino.app/Contents/Java/hardware/tools/avr/bin/../lib/gcc/avr/4.9.2/../../../../avr/lib/avr5/crtatmega32u4.o
                0x00000b9e                __init
 *(.init0)
 *(.init1)
 *(.init1)
 *(.init2)
 .init2         0x00000b9e        0xc /Applications/Arduino.app/Contents/Java/hardware/tools/avr/bin/../lib/gcc/avr/4.9.2/../../../../avr/lib/avr5/crtatmega32u4.o
 *(.init2)
 *(.init3)
 .init3         0x00000baa       0x54 obj_ml65/common/avr/bootloader.o
                0x00000baa                bootloader_jump_after_watchdog_reset
 *(.init3)
 *(.init4)
 .init4         0x00000bfe       0x16 /Applications/Arduino.app/Contents/Java/hardware/tools/avr/bin/../lib/gcc/avr/4.9.2/avr5/libgcc.a(_copy_data.o)
                0x00000bfe                __do_copy_data
 .init4         0x00000c14       0x10 /Applications/Arduino.app/Contents/Java/hardware/tools/avr/bin/../lib/gcc/avr/4.9.2/avr5/libgcc.a(_clear_bss.o)
                0x00000c14                __do_clear_bss
 *(.init4)
 *(.init5)
 *(.init5)
 *(.init6)
 *(.init6)
 *(.init7)
 *(.init7)
 *(.init8)
 *(.init8)
 *(.init9)
 .init9         0x00000c24        0x8 /Applications/Arduino.app/Contents/Java/hardware/tools/avr/bin/../lib/gcc/avr/4.9.2/../../../../avr/lib/avr5/crtatmega32u4.o
 *(.init9)
 *(.text)
 .text          0x00000c2c        0x4 /Applications/Arduino.app/Contents/Java/hardware/tools/avr/bin/../lib/gcc/avr/4.9.2/../../../../avr/lib/avr5/crtatmega32u4.o
                0x00000c2c                __vector_42
                0x00000c2c                __vector_22
                0x00000c2c                __vector_28
                0x00000c2c                __vector_1
                0x00000c2c                __vector_32
                0x00000c2c                __vector_34
                0x00000c2c                __vector_24
                0x00000c2c                __vector_12
                0x00000c2c                __bad_interrupt
                0x00000c2c                __vector_6
                0x00000c2c                __vector_31
                0x00000c2c                __vector_35
                0x00000c2c                __vector_39
                0x00000c2c                __vector_3
                0x00000c2c                __vector_23
                0x00000c2c                __vector_30
                0x00000c2c                __vector_25
                0x00000c2c                __vector_13
                0x00000c2c                __vector_19
                0x00000c2c                __vector_7
                0x00000c2c                __vector_41
                0x00000c2c                __vector_27
                0x00000c2c                __vector_5
                0x00000c2c                __vector_33
                0x00000c2c                __vector_37
                0x00000c2c                __vector_4
                0x00000c2c                __vector_9
                0x00000c2c                __vector_2
                0x00000c2c                __vector_15
                0x00000c2c                __vector_36
                0x00000c2c                __vector_29
                0x00000c2c                __vector_40
                0x00000c2c                __vector_8
                0x00000c2c                __vector_26
                0x00000c2c                __vector_14
                0x00000c2c                __vector_16
                0x00000c2c                __vector_18
                0x00000c2c                __vector_20
                0x00000c2c                __vector_38
 .text          0x00000c30      0x15c obj_ml65/common/avr/xprintf.o
                0x00000c30                xputc
                0x00000c48                xputs
                0x00000c56                xitoa
                0x00000d7a                __xprintf
                0x00000d8c                . = ALIGN (0x2)
 *(.text.*)
 .text.unselect_rows
                0x00000d8c        0xe obj_ml65/matrix.o
 .text.matrix_init
                0x00000d9a       0x1c obj_ml65/matrix.o
                0x00000d9a                matrix_init
 .text.matrix_scan
                0x00000db6       0xe6 obj_ml65/matrix.o
                0x00000db6                matrix_scan
 .text.matrix_get_row
                0x00000e9c        0xc obj_ml65/matrix.o
                0x00000e9c                matrix_get_row
 .text.matrix_print
                0x00000ea8       0x90 obj_ml65/matrix.o
                0x00000ea8                matrix_print
 .text.led_set  0x00000f38        0xe obj_ml65/led.o
                0x00000f38                led_set
 .text.keyboard_leds
                0x00000f46        0x6 obj_ml65/protocol/lufa/lufa.o
 .text.sendchar
                0x00000f4c       0xc6 obj_ml65/protocol/lufa/lufa.o
                0x00000f4c                sendchar
 .text.send_consumer
                0x00001012       0x68 obj_ml65/protocol/lufa/lufa.o
 .text.send_system
                0x0000107a       0x68 obj_ml65/protocol/lufa/lufa.o
 .text.send_mouse
                0x000010e2       0x46 obj_ml65/protocol/lufa/lufa.o
 .text.send_keyboard
                0x00001128       0xa4 obj_ml65/protocol/lufa/lufa.o
 .text.EVENT_USB_Device_Connect
                0x000011cc       0x24 obj_ml65/protocol/lufa/lufa.o
                0x000011cc                EVENT_USB_Device_Connect
 .text.EVENT_USB_Device_Disconnect
                0x000011f0        0xe obj_ml65/protocol/lufa/lufa.o
                0x000011f0                EVENT_USB_Device_Disconnect
 .text.EVENT_USB_Device_Reset
                0x000011fe        0x6 obj_ml65/protocol/lufa/lufa.o
                0x000011fe                EVENT_USB_Device_Reset
 .text.EVENT_USB_Device_StartOfFrame
                0x00001204       0x82 obj_ml65/protocol/lufa/lufa.o
                0x00001204                EVENT_USB_Device_StartOfFrame
 .text.EVENT_USB_Device_ConfigurationChanged
                0x00001286       0x32 obj_ml65/protocol/lufa/lufa.o
                0x00001286                EVENT_USB_Device_ConfigurationChanged
 .text.EVENT_USB_Device_ControlRequest
                0x000012b8      0x164 obj_ml65/protocol/lufa/lufa.o
                0x000012b8                EVENT_USB_Device_ControlRequest
 .text.hook_early_init
                0x0000141c        0x2 obj_ml65/protocol/lufa/lufa.o
                0x0000141c                hook_early_init
 .text.hook_late_init
                0x0000141e        0x2 obj_ml65/protocol/lufa/lufa.o
                0x0000141e                hook_late_init
 .text.hook_usb_suspend_entry
                0x00001420       0x1e obj_ml65/protocol/lufa/lufa.o
                0x00001420                hook_usb_suspend_entry
 .text.EVENT_USB_Device_Suspend
                0x0000143e        0x4 obj_ml65/protocol/lufa/lufa.o
                0x0000143e                EVENT_USB_Device_Suspend
 .text.hook_usb_suspend_loop
                0x00001442       0x18 obj_ml65/protocol/lufa/lufa.o
                0x00001442                hook_usb_suspend_loop
 .text.startup.main
                0x0000145a       0x9a obj_ml65/protocol/lufa/lufa.o
                0x0000145a                main
 .text.hook_usb_wakeup
                0x000014f4       0x12 obj_ml65/protocol/lufa/lufa.o
                0x000014f4                hook_usb_wakeup
 .text.EVENT_USB_Device_WakeUp
                0x00001506        0x4 obj_ml65/protocol/lufa/lufa.o
                0x00001506                EVENT_USB_Device_WakeUp
 .text.CALLBACK_USB_GetDescriptor
                0x0000150a       0xb0 obj_ml65/protocol/lufa/descriptor.o
                0x0000150a                CALLBACK_USB_GetDescriptor
 .text.USB_Device_SendRemoteWakeup
                0x000015ba       0x2c obj_ml65/protocol/lufa/LUFA-git/LUFA/Drivers/USB/Core/AVR8/Device_AVR8.o
                0x000015ba                USB_Device_SendRemoteWakeup
 .text.Endpoint_Write_Stream_LE
                0x000015e6       0x96 obj_ml65/protocol/lufa/LUFA-git/LUFA/Drivers/USB/Core/AVR8/EndpointStream_AVR8.o
                0x000015e6                Endpoint_Write_Stream_LE
 .text.Endpoint_Write_Control_Stream_LE
                0x0000167c       0xc6 obj_ml65/protocol/lufa/LUFA-git/LUFA/Drivers/USB/Core/AVR8/EndpointStream_AVR8.o
                0x0000167c                Endpoint_Write_Control_Stream_LE
 .text.Endpoint_Write_Control_PStream_LE
                0x00001742       0xc2 obj_ml65/protocol/lufa/LUFA-git/LUFA/Drivers/USB/Core/AVR8/EndpointStream_AVR8.o
                0x00001742                Endpoint_Write_Control_PStream_LE
 .text.Endpoint_ConfigureEndpoint_Prv
                0x00001804       0x6a obj_ml65/protocol/lufa/LUFA-git/LUFA/Drivers/USB/Core/AVR8/Endpoint_AVR8.o
                0x00001804                Endpoint_ConfigureEndpoint_Prv
 .text.Endpoint_ClearStatusStage
                0x0000186e       0x3e obj_ml65/protocol/lufa/LUFA-git/LUFA/Drivers/USB/Core/AVR8/Endpoint_AVR8.o
                0x0000186e                Endpoint_ClearStatusStage
 .text.Endpoint_WaitUntilReady
                0x000018ac       0x64 obj_ml65/protocol/lufa/LUFA-git/LUFA/Drivers/USB/Core/AVR8/Endpoint_AVR8.o
                0x000018ac                Endpoint_WaitUntilReady
 .text.USB_Disable
                0x00001910       0x34 obj_ml65/protocol/lufa/LUFA-git/LUFA/Drivers/USB/Core/AVR8/USBController_AVR8.o
                0x00001910                USB_Disable
 .text.USB_ResetInterface
                0x00001944       0x86 obj_ml65/protocol/lufa/LUFA-git/LUFA/Drivers/USB/Core/AVR8/USBController_AVR8.o
                0x00001944                USB_ResetInterface
 .text.USB_Init
                0x000019ca       0x22 obj_ml65/protocol/lufa/LUFA-git/LUFA/Drivers/USB/Core/AVR8/USBController_AVR8.o
                0x000019ca                USB_Init
 .text.USB_INT_DisableAllInterrupts
                0x000019ec       0x10 obj_ml65/protocol/lufa/LUFA-git/LUFA/Drivers/USB/Core/AVR8/USBInterrupt_AVR8.o
                0x000019ec                USB_INT_DisableAllInterrupts
 .text.USB_INT_ClearAllInterrupts
                0x000019fc        0xa obj_ml65/protocol/lufa/LUFA-git/LUFA/Drivers/USB/Core/AVR8/USBInterrupt_AVR8.o
                0x000019fc                USB_INT_ClearAllInterrupts
 .text.__vector_10
                0x00001a06      0x1a4 obj_ml65/protocol/lufa/LUFA-git/LUFA/Drivers/USB/Core/AVR8/USBInterrupt_AVR8.o
                0x00001a06                __vector_10
 .text.__vector_11
                0x00001baa       0x88 obj_ml65/protocol/lufa/LUFA-git/LUFA/Drivers/USB/Core/AVR8/USBInterrupt_AVR8.o
                0x00001baa                __vector_11
 .text.USB_Device_ProcessControlRequest
                0x00001c32      0x2a2 obj_ml65/protocol/lufa/LUFA-git/LUFA/Drivers/USB/Core/DeviceStandardReq.o
                0x00001c32                USB_Device_ProcessControlRequest
 .text.host_set_driver
                0x00001ed4        0xa obj_ml65/common/host.o
                0x00001ed4                host_set_driver
 .text.host_keyboard_leds
                0x00001ede       0x18 obj_ml65/common/host.o
                0x00001ede                host_keyboard_leds
 .text.host_keyboard_send
                0x00001ef6       0x92 obj_ml65/common/host.o
                0x00001ef6                host_keyboard_send
 .text.host_mouse_send
                0x00001f88       0x16 obj_ml65/common/host.o
                0x00001f88                host_mouse_send
 .text.host_system_send
                0x00001f9e       0x5c obj_ml65/common/host.o
                0x00001f9e                host_system_send
 .text.host_consumer_send
                0x00001ffa       0x5c obj_ml65/common/host.o
                0x00001ffa                host_consumer_send
 .text.keyboard_setup
                0x00002056        0x4 obj_ml65/common/keyboard.o
                0x00002056                keyboard_setup
 .text.keyboard_init
                0x0000205a        0xc obj_ml65/common/keyboard.o
                0x0000205a                keyboard_init
 .text.keyboard_task
                0x00002066      0x13c obj_ml65/common/keyboard.o
                0x00002066                keyboard_task
 .text.keyboard_set_leds
                0x000021a2        0x4 obj_ml65/common/keyboard.o
                0x000021a2                keyboard_set_leds
 .text.matrix_clear
                0x000021a6        0x2 obj_ml65/common/matrix.o
                0x000021a6                matrix_clear
 .text.matrix_setup
                0x000021a8        0x2 obj_ml65/common/matrix.o
                0x000021a8                matrix_setup
 .text.matrix_power_up
                0x000021aa        0x2 obj_ml65/common/matrix.o
                0x000021aa                matrix_power_up
 .text.matrix_power_down
                0x000021ac        0x2 obj_ml65/common/matrix.o
                0x000021ac                matrix_power_down
 .text.action_exec
                0x000021ae       0x80 obj_ml65/common/action.o
                0x000021ae                action_exec
 .text.register_code
                0x0000222e      0x154 obj_ml65/common/action.o
                0x0000222e                register_code
 .text.unregister_code
                0x00002382       0x50 obj_ml65/common/action.o
                0x00002382                unregister_code
 .text.register_mods
                0x000023d2        0xe obj_ml65/common/action.o
                0x000023d2                register_mods
 .text.unregister_mods
                0x000023e0        0xe obj_ml65/common/action.o
                0x000023e0                unregister_mods
 .text.process_action
                0x000023ee      0x610 obj_ml65/common/action.o
                0x000023ee                process_action
 .text.clear_keyboard_but_mods
                0x000029fe       0x24 obj_ml65/common/action.o
                0x000029fe                clear_keyboard_but_mods
 .text.clear_keyboard
                0x00002a22        0x8 obj_ml65/common/action.o
                0x00002a22                clear_keyboard
 .text.is_tap_key
                0x00002a2a       0x4c obj_ml65/common/action.o
                0x00002a2a                is_tap_key
 .text.debug_event
                0x00002a76       0x1e obj_ml65/common/action.o
                0x00002a76                debug_event
 .text.debug_record
                0x00002a94       0x20 obj_ml65/common/action.o
                0x00002a94                debug_record
 .text.debug_waiting_buffer
                0x00002ab4       0x42 obj_ml65/common/action_tapping.o
 .text.debug_tapping_key
                0x00002af6       0x1c obj_ml65/common/action_tapping.o
 .text.waiting_buffer_scan_tap
                0x00002b12       0xb6 obj_ml65/common/action_tapping.o
 .text.process_tapping
                0x00002bc8      0x38e obj_ml65/common/action_tapping.o
 .text.action_tapping_process
                0x00002f56      0x148 obj_ml65/common/action_tapping.o
                0x00002f56                action_tapping_process
 .text.action_macro_play
                0x0000309e      0x13a obj_ml65/common/action_macro.o
                0x0000309e                action_macro_play
 .text.default_layer_state_set
                0x000031d8       0x18 obj_ml65/common/action_layer.o
 .text.layer_state_set
                0x000031f0       0x18 obj_ml65/common/action_layer.o
 .text.default_layer_debug
                0x00003208        0x2 obj_ml65/common/action_layer.o
                0x00003208                default_layer_debug
 .text.default_layer_set
                0x0000320a        0x4 obj_ml65/common/action_layer.o
                0x0000320a                default_layer_set
 .text.default_layer_or
                0x0000320e       0x24 obj_ml65/common/action_layer.o
                0x0000320e                default_layer_or
 .text.default_layer_and
                0x00003232       0x24 obj_ml65/common/action_layer.o
                0x00003232                default_layer_and
 .text.default_layer_xor
                0x00003256       0x24 obj_ml65/common/action_layer.o
                0x00003256                default_layer_xor
 .text.layer_clear
                0x0000327a        0xa obj_ml65/common/action_layer.o
                0x0000327a                layer_clear
 .text.layer_move
                0x00003284       0x2a obj_ml65/common/action_layer.o
                0x00003284                layer_move
 .text.layer_on
                0x000032ae       0x42 obj_ml65/common/action_layer.o
                0x000032ae                layer_on
 .text.layer_off
                0x000032f0       0x4a obj_ml65/common/action_layer.o
                0x000032f0                layer_off
 .text.layer_invert
                0x0000333a       0x42 obj_ml65/common/action_layer.o
                0x0000333a                layer_invert
 .text.layer_or
                0x0000337c       0x24 obj_ml65/common/action_layer.o
                0x0000337c                layer_or
 .text.layer_and
                0x000033a0       0x24 obj_ml65/common/action_layer.o
                0x000033a0                layer_and
 .text.layer_xor
                0x000033c4       0x24 obj_ml65/common/action_layer.o
                0x000033c4                layer_xor
 .text.layer_debug
                0x000033e8        0x2 obj_ml65/common/action_layer.o
                0x000033e8                layer_debug
 .text.layer_switch_get_action
                0x000033ea       0x82 obj_ml65/common/action_layer.o
                0x000033ea                layer_switch_get_action
 .text.add_key  0x0000346c       0xa6 obj_ml65/common/action_util.o
                0x0000346c                add_key
 .text.del_key  0x00003512       0x8e obj_ml65/common/action_util.o
                0x00003512                del_key
 .text.clear_keys
                0x000035a0       0x1c obj_ml65/common/action_util.o
                0x000035a0                clear_keys
 .text.get_mods
                0x000035bc        0x6 obj_ml65/common/action_util.o
                0x000035bc                get_mods
 .text.add_mods
                0x000035c2        0xc obj_ml65/common/action_util.o
                0x000035c2                add_mods
 .text.del_mods
                0x000035ce        0xe obj_ml65/common/action_util.o
                0x000035ce                del_mods
 .text.set_mods
                0x000035dc        0x6 obj_ml65/common/action_util.o
                0x000035dc                set_mods
 .text.clear_mods
                0x000035e2        0x6 obj_ml65/common/action_util.o
                0x000035e2                clear_mods
 .text.add_weak_mods
                0x000035e8        0xc obj_ml65/common/action_util.o
                0x000035e8                add_weak_mods
 .text.del_weak_mods
                0x000035f4        0xe obj_ml65/common/action_util.o
                0x000035f4                del_weak_mods
 .text.clear_weak_mods
                0x00003602        0x6 obj_ml65/common/action_util.o
                0x00003602                clear_weak_mods
 .text.set_oneshot_mods
                0x00003608        0x6 obj_ml65/common/action_util.o
                0x00003608                set_oneshot_mods
 .text.clear_oneshot_mods
                0x0000360e        0x6 obj_ml65/common/action_util.o
                0x0000360e                clear_oneshot_mods
 .text.has_anykey
                0x00003614       0x22 obj_ml65/common/action_util.o
                0x00003614                has_anykey
 .text.send_keyboard_report
                0x00003636       0x4c obj_ml65/common/action_util.o
                0x00003636                send_keyboard_report
 .text.print_set_sendchar
                0x00003682        0xa obj_ml65/common/print.o
                0x00003682                print_set_sendchar
 .text.bitrev   0x0000368c       0x2c obj_ml65/common/util.o
                0x0000368c                bitrev
 .text.bitrev16
                0x000036b8       0x34 obj_ml65/common/util.o
                0x000036b8                bitrev16
 .text.hook_keyboard_loop
                0x000036ec        0x2 obj_ml65/common/hook.o
                0x000036ec                hook_keyboard_loop
 .text.hook_matrix_change
                0x000036ee       0x1e obj_ml65/common/hook.o
                0x000036ee                hook_matrix_change
 .text.hook_default_layer_change
                0x0000370c        0x2 obj_ml65/common/hook.o
                0x0000370c                hook_default_layer_change
 .text.hook_layer_change
                0x0000370e        0x2 obj_ml65/common/hook.o
                0x0000370e                hook_layer_change
 .text.hook_keyboard_leds_change
                0x00003710        0x4 obj_ml65/common/hook.o
                0x00003710                hook_keyboard_leds_change
 .text.hook_bootmagic
                0x00003714        0x2 obj_ml65/common/hook.o
                0x00003714                hook_bootmagic
 .text.suspend_power_down
                0x00003716        0x2 obj_ml65/common/avr/suspend.o
                0x00003716                suspend_power_down
 .text.suspend_wakeup_condition
                0x00003718       0x2c obj_ml65/common/avr/suspend.o
                0x00003718                suspend_wakeup_condition
 .text.suspend_wakeup_init
                0x00003744        0x8 obj_ml65/common/avr/suspend.o
                0x00003744                suspend_wakeup_init
 .text.timer_init
                0x0000374c       0x12 obj_ml65/common/avr/timer.o
                0x0000374c                timer_init
 .text.timer_read
                0x0000375e       0x18 obj_ml65/common/avr/timer.o
                0x0000375e                timer_read
 .text.timer_read32
                0x00003776       0x18 obj_ml65/common/avr/timer.o
                0x00003776                timer_read32
 .text.timer_elapsed
                0x0000378e       0x54 obj_ml65/common/avr/timer.o
                0x0000378e                timer_elapsed
 .text.__vector_21
                0x000037e2       0x4a obj_ml65/common/avr/timer.o
                0x000037e2                __vector_21
 .text.bootloader_jump
                0x0000382c       0x44 obj_ml65/common/avr/bootloader.o
                0x0000382c                bootloader_jump
 .text.keycode_to_action
                0x00003870      0x128 obj_ml65/common/keymap.o
 .text.action_get_macro
                0x00003998        0x6 obj_ml65/common/keymap.o
                0x00003998                action_get_macro
 .text.action_function
                0x0000399e        0x2 obj_ml65/common/keymap.o
                0x0000399e                action_function
 .text.keymap_key_to_keycode
                0x000039a0       0x18 obj_ml65/common/keymap.o
                0x000039a0                keymap_key_to_keycode
 .text.keymap_fn_to_action
                0x000039b8       0x12 obj_ml65/common/keymap.o
                0x000039b8                keymap_fn_to_action
 .text.action_for_key
                0x000039ca       0xe6 obj_ml65/common/keymap.o
                0x000039ca                action_for_key
 .text.scan_key
                0x00003ab0       0x52 obj_ml65/common/bootmagic.o
 .text.bootmagic_scan_key
                0x00003b02       0x24 obj_ml65/common/bootmagic.o
                0x00003b02                bootmagic_scan_key
 .text.bootmagic
                0x00003b26      0x29c obj_ml65/common/bootmagic.o
                0x00003b26                bootmagic
 .text.eeconfig_init
                0x00003dc2       0x34 obj_ml65/common/avr/eeconfig.o
                0x00003dc2                eeconfig_init
 .text.eeconfig_is_enabled
                0x00003df6       0x16 obj_ml65/common/avr/eeconfig.o
                0x00003df6                eeconfig_is_enabled
 .text.eeconfig_read_debug
                0x00003e0c        0x8 obj_ml65/common/avr/eeconfig.o
                0x00003e0c                eeconfig_read_debug
 .text.eeconfig_write_debug
                0x00003e14        0xa obj_ml65/common/avr/eeconfig.o
                0x00003e14                eeconfig_write_debug
 .text.eeconfig_read_default_layer
                0x00003e1e        0x8 obj_ml65/common/avr/eeconfig.o
                0x00003e1e                eeconfig_read_default_layer
 .text.eeconfig_write_default_layer
                0x00003e26        0xa obj_ml65/common/avr/eeconfig.o
                0x00003e26                eeconfig_write_default_layer
 .text.eeconfig_read_keymap
                0x00003e30        0x8 obj_ml65/common/avr/eeconfig.o
                0x00003e30                eeconfig_read_keymap
 .text.eeconfig_write_keymap
                0x00003e38        0xa obj_ml65/common/avr/eeconfig.o
                0x00003e38                eeconfig_write_keymap
 .text.move_unit
                0x00003e42       0x92 obj_ml65/common/mousekey.o
 .text.wheel_unit
                0x00003ed4       0x72 obj_ml65/common/mousekey.o
 .text.mousekey_on
                0x00003f46       0xd0 obj_ml65/common/mousekey.o
                0x00003f46                mousekey_on
 .text.mousekey_off
                0x00004016      0x10a obj_ml65/common/mousekey.o
                0x00004016                mousekey_off
 .text.mousekey_send
                0x00004120      0x11a obj_ml65/common/mousekey.o
                0x00004120                mousekey_send
 .text.mousekey_task
                0x0000423a      0x14a obj_ml65/common/mousekey.o
                0x0000423a                mousekey_task
 .text.mousekey_clear
                0x00004384       0x18 obj_ml65/common/mousekey.o
                0x00004384                mousekey_clear
 .text.mousekey_console_help
                0x0000439c       0x2e obj_ml65/common/command.o
 .text.mousekey_param_inc
                0x000043ca      0x146 obj_ml65/common/command.o
 .text.mousekey_param_dec
                0x00004510       0xfc obj_ml65/common/command.o
 .text.switch_default_layer
                0x0000460c       0x40 obj_ml65/common/command.o
 .text.command_common
                0x0000464c      0x518 obj_ml65/common/command.o
 .text.command_extra
                0x00004b64        0x4 obj_ml65/common/command.o
                0x00004b64                command_extra
 .text.command_console_extra
                0x00004b68        0x4 obj_ml65/common/command.o
                0x00004b68                command_console_extra
 .text.command_proc
                0x00004b6c      0x2aa obj_ml65/common/command.o
                0x00004b6c                command_proc
 .text.sleep_led_init
                0x00004e16       0x24 obj_ml65/common/avr/sleep_led.o
                0x00004e16                sleep_led_init
 .text.sleep_led_enable
                0x00004e3a        0xc obj_ml65/common/avr/sleep_led.o
                0x00004e3a                sleep_led_enable
 .text.sleep_led_disable
                0x00004e46        0xc obj_ml65/common/avr/sleep_led.o
                0x00004e46                sleep_led_disable
 .text.sleep_led_on
                0x00004e52        0x6 obj_ml65/common/avr/sleep_led.o
                0x00004e52                sleep_led_on
 .text.sleep_led_off
                0x00004e58        0x6 obj_ml65/common/avr/sleep_led.o
                0x00004e58                sleep_led_off
 .text.__vector_17
                0x00004e5e       0x7a obj_ml65/common/avr/sleep_led.o
                0x00004e5e                __vector_17
 .text.avr-libc.fplib
                0x00004ed8        0xe /Applications/Arduino.app/Contents/Java/hardware/tools/avr/bin/../lib/gcc/avr/4.9.2/../../../../avr/lib/avr5/libm.a(fixsfsi.o)
                0x00004ed8                __fixsfsi
 .text.avr-libc.fplib
                0x00004ee6       0x5e /Applications/Arduino.app/Contents/Java/hardware/tools/avr/bin/../lib/gcc/avr/4.9.2/../../../../avr/lib/avr5/libm.a(fixunssfsi.o)
                0x00004ee6                __fixunssfsi
 .text.avr-libc.fplib
                0x00004f44       0x7a /Applications/Arduino.app/Contents/Java/hardware/tools/avr/bin/../lib/gcc/avr/4.9.2/../../../../avr/lib/avr5/libm.a(floatsisf.o)
                0x00004f44                __floatunsisf
                0x00004f48                __floatsisf
 .text.avr-libc.fplib
                0x00004fbe       0x44 /Applications/Arduino.app/Contents/Java/hardware/tools/avr/bin/../lib/gcc/avr/4.9.2/../../../../avr/lib/avr5/libm.a(fp_split3.o)
                0x00004fbe                __fp_split3
                0x00004fce                __fp_splitA
 .text.avr-libc.fplib
                0x00005002        0xe /Applications/Arduino.app/Contents/Java/hardware/tools/avr/bin/../lib/gcc/avr/4.9.2/../../../../avr/lib/avr5/libm.a(fp_zero.o)
                0x00005002                __fp_zero
                0x00005004                __fp_szero
 .text.avr-libc.fplib
                0x00005010        0x8 /Applications/Arduino.app/Contents/Java/hardware/tools/avr/bin/../lib/gcc/avr/4.9.2/../../../../avr/lib/avr5/libm.a(mulsf3.o)
                0x00005010                __mulsf3
 .text.avr-libc.fplib
                0x00005018       0xd2 /Applications/Arduino.app/Contents/Java/hardware/tools/avr/bin/../lib/gcc/avr/4.9.2/../../../../avr/lib/avr5/libm.a(mulsf3x.o)
                0x00005036                __mulsf3x
                0x0000503c                __mulsf3_pse
 .text.avr-libc.fplib
                0x000050ea        0xc /Applications/Arduino.app/Contents/Java/hardware/tools/avr/bin/../lib/gcc/avr/4.9.2/../../../../avr/lib/avr5/libm.a(fp_inf.o)
                0x000050ea                __fp_inf
 .text.avr-libc.fplib
                0x000050f6        0x6 /Applications/Arduino.app/Contents/Java/hardware/tools/avr/bin/../lib/gcc/avr/4.9.2/../../../../avr/lib/avr5/libm.a(fp_nan.o)
                0x000050f6                __fp_nan
 .text.avr-libc.fplib
                0x000050fc        0xe /Applications/Arduino.app/Contents/Java/hardware/tools/avr/bin/../lib/gcc/avr/4.9.2/../../../../avr/lib/avr5/libm.a(fp_pscA.o)
                0x000050fc                __fp_pscA
 .text.avr-libc.fplib
                0x0000510a        0xe /Applications/Arduino.app/Contents/Java/hardware/tools/avr/bin/../lib/gcc/avr/4.9.2/../../../../avr/lib/avr5/libm.a(fp_pscB.o)
                0x0000510a                __fp_pscB
 .text.avr-libc.fplib
                0x00005118       0x22 /Applications/Arduino.app/Contents/Java/hardware/tools/avr/bin/../lib/gcc/avr/4.9.2/../../../../avr/lib/avr5/libm.a(fp_round.o)
                0x00005118                __fp_round
 .text.libgcc.div
                0x0000513a       0x18 /Applications/Arduino.app/Contents/Java/hardware/tools/avr/bin/../lib/gcc/avr/4.9.2/avr5/libgcc.a(_udivmodqi4.o)
                0x0000513a                __udivmodqi4
 .text.libgcc.div
                0x00005152       0x28 /Applications/Arduino.app/Contents/Java/hardware/tools/avr/bin/../lib/gcc/avr/4.9.2/avr5/libgcc.a(_divmodhi4.o)
                0x00005152                __divmodhi4
                0x00005152                _div
 .text.libgcc   0x0000517a        0xc /Applications/Arduino.app/Contents/Java/hardware/tools/avr/bin/../lib/gcc/avr/4.9.2/avr5/libgcc.a(_tablejump2.o)
                0x0000517a                __tablejump2__
 .text.libgcc.div
                0x00005186       0x28 /Applications/Arduino.app/Contents/Java/hardware/tools/avr/bin/../lib/gcc/avr/4.9.2/avr5/libgcc.a(_udivmodhi4.o)
                0x00005186                __udivmodhi4
 .text.avr-libc
                0x000051ae       0x10 /Applications/Arduino.app/Contents/Java/hardware/tools/avr/bin/../lib/gcc/avr/4.9.2/../../../../avr/lib/avr5/libatmega32u4.a(eerd_byte.o)
                0x000051ae                eeprom_read_byte
 .text.avr-libc
                0x000051be        0xc /Applications/Arduino.app/Contents/Java/hardware/tools/avr/bin/../lib/gcc/avr/4.9.2/../../../../avr/lib/avr5/libatmega32u4.a(eerd_word.o)
                0x000051be                eeprom_read_word
 .text.avr-libc
                0x000051ca       0x1c /Applications/Arduino.app/Contents/Java/hardware/tools/avr/bin/../lib/gcc/avr/4.9.2/../../../../avr/lib/avr5/libatmega32u4.a(eewr_byte.o)
                0x000051ca                eeprom_write_byte
                0x000051cc                eeprom_write_r18
 .text.avr-libc
                0x000051e6        0xa /Applications/Arduino.app/Contents/Java/hardware/tools/avr/bin/../lib/gcc/avr/4.9.2/../../../../avr/lib/avr5/libatmega32u4.a(eewr_word.o)
                0x000051e6                eeprom_write_word
 .text.avr-libc
                0x000051f0       0x20 /Applications/Arduino.app/Contents/Java/hardware/tools/avr/bin/../lib/gcc/avr/4.9.2/../../../../avr/lib/avr5/libatmega32u4.a(eerd_block.o)
                0x000051f0                eeprom_read_block
                0x000051f4                eeprom_read_blraw
                0x00005210                . = ALIGN (0x2)
 *(.fini9)
 .fini9         0x00005210        0x0 /Applications/Arduino.app/Contents/Java/hardware/tools/avr/bin/../lib/gcc/avr/4.9.2/avr5/libgcc.a(_exit.o)
                0x00005210                exit
                0x00005210                _exit
 *(.fini9)
 *(.fini8)
 *(.fini8)
 *(.fini7)
 *(.fini7)
 *(.fini6)
 *(.fini6)
 *(.fini5)
 *(.fini5)
 *(.fini4)
 *(.fini4)
 *(.fini3)
 *(.fini3)
 *(.fini2)
 *(.fini2)
 *(.fini1)
 *(.fini1)
 *(.fini0)
 .fini0         0x00005210        0x4 /Applications/Arduino.app/Contents/Java/hardware/tools/avr/bin/../lib/gcc/avr/4.9.2/avr5/libgcc.a(_exit.o)
 *(.fini0)
                0x00005214                _etext = .

.data           0x00800100       0x38 load address 0x00005214
                0x00800100                PROVIDE (__data_start, .)
 *(.data)
 *(.data*)
 .data.debouncing
                0x00800100        0x1 obj_ml65/matrix.o
 .data.lufa_driver
                0x00800101        0xa obj_ml65/protocol/lufa/lufa.o
                0x00800101                lufa_driver
 .data.keyboard_protocol
                0x0080010b        0x1 obj_ml65/protocol/lufa/lufa.o
                0x0080010b                keyboard_protocol
 .data.keyboard_nkro
                0x0080010c        0x1 obj_ml65/common/host.o
                0x0080010c                keyboard_nkro
 .data.keyboard_report
                0x0080010d        0x2 obj_ml65/common/action_util.o
                0x0080010d                keyboard_report
 .data.mk_wheel_time_to_max
                0x0080010f        0x1 obj_ml65/common/mousekey.o
                0x0080010f                mk_wheel_time_to_max
 .data.mk_wheel_max_speed
                0x00800110        0x1 obj_ml65/common/mousekey.o
                0x00800110                mk_wheel_max_speed
 .data.mk_time_to_max
                0x00800111        0x1 obj_ml65/common/mousekey.o
                0x00800111                mk_time_to_max
 .data.mk_max_speed
                0x00800112        0x1 obj_ml65/common/mousekey.o
                0x00800112                mk_max_speed
 .data.mk_interval
                0x00800113        0x1 obj_ml65/common/mousekey.o
                0x00800113                mk_interval
 .data.mk_delay
                0x00800114        0x1 obj_ml65/common/mousekey.o
                0x00800114                mk_delay
 *(.rodata)
 *(.rodata*)
 .rodata.CSWTCH.3
                0x00800115        0x5 obj_ml65/protocol/lufa/descriptor.o
 .rodata.CSWTCH.2
                0x0080011a        0xa obj_ml65/protocol/lufa/descriptor.o
 .rodata.CSWTCH.1
                0x00800124        0xa obj_ml65/protocol/lufa/descriptor.o
 .rodata.CSWTCH.45
                0x0080012e        0xa obj_ml65/common/command.o
 *(.gnu.linkonce.d*)
                0x00800138                . = ALIGN (0x2)
                0x00800138                _edata = .
                0x00800138                PROVIDE (__data_end, .)

.bss            0x00800138       0xb9
                0x00800138                PROVIDE (__bss_start, .)
 *(.bss)
 .bss           0x00800138        0x2 obj_ml65/common/avr/xprintf.o
                0x00800138                xfunc_out
 *(.bss*)
 .bss.matrix_debouncing
                0x0080013a        0x2 obj_ml65/matrix.o
 .bss.matrix    0x0080013c        0x2 obj_ml65/matrix.o
 .bss.timeouted.4858
                0x0080013e        0x1 obj_ml65/protocol/lufa/lufa.o
 .bss.count.4788
                0x0080013f        0x1 obj_ml65/protocol/lufa/lufa.o
 .bss._led_stats
                0x00800140        0x1 obj_ml65/protocol/lufa/lufa.o
 .bss.console_flush
                0x00800141        0x1 obj_ml65/protocol/lufa/lufa.o
 .bss.keyboard_report_sent
                0x00800142       0x20 obj_ml65/protocol/lufa/lufa.o
 .bss.keyboard_led_stats
                0x00800162        0x1 obj_ml65/protocol/lufa/lufa.o
 .bss.keyboard_idle
                0x00800163        0x1 obj_ml65/protocol/lufa/lufa.o
                0x00800163                keyboard_idle
 .bss.last_consumer_report
                0x00800164        0x2 obj_ml65/common/host.o
 .bss.last_system_report
                0x00800166        0x2 obj_ml65/common/host.o
 .bss.driver    0x00800168        0x2 obj_ml65/common/host.o
 .bss.led_status.4809
                0x0080016a        0x1 obj_ml65/common/keyboard.o
 .bss.matrix_prev.4808
                0x0080016b        0x2 obj_ml65/common/keyboard.o
 .bss.waiting_buffer_tail
                0x0080016d        0x1 obj_ml65/common/action_tapping.o
 .bss.waiting_buffer_head
                0x0080016e        0x1 obj_ml65/common/action_tapping.o
 .bss.waiting_buffer
                0x0080016f       0x30 obj_ml65/common/action_tapping.o
 .bss.tapping_key
                0x0080019f        0x6 obj_ml65/common/action_tapping.o
 .bss.layer_state
                0x008001a5        0x4 obj_ml65/common/action_layer.o
                0x008001a5                layer_state
 .bss.default_layer_state
                0x008001a9        0x4 obj_ml65/common/action_layer.o
                0x008001a9                default_layer_state
 .bss.oneshot_mods
                0x008001ad        0x1 obj_ml65/common/action_util.o
 .bss.__compound_literal.0
                0x008001ae       0x20 obj_ml65/common/action_util.o
 .bss.weak_mods
                0x008001ce        0x1 obj_ml65/common/action_util.o
 .bss.real_mods
                0x008001cf        0x1 obj_ml65/common/action_util.o
 .bss.debug_config
                0x008001d0        0x1 obj_ml65/common/debug.o
                0x008001d0                debug_config
 .bss.timer_count
                0x008001d1        0x4 obj_ml65/common/avr/timer.o
                0x008001d1                timer_count
 .bss.last_timer
                0x008001d5        0x2 obj_ml65/common/mousekey.o
 .bss.mousekey_accel
                0x008001d7        0x1 obj_ml65/common/mousekey.o
 .bss.mousekey_repeat
                0x008001d8        0x1 obj_ml65/common/mousekey.o
 .bss.mouse_report
                0x008001d9        0x5 obj_ml65/common/mousekey.o
 .bss.sleep_led_test.4972
                0x008001de        0x1 obj_ml65/common/command.o
 .bss.mousekey_param
                0x008001df        0x1 obj_ml65/common/command.o
 .bss.command_state
                0x008001e0        0x1 obj_ml65/common/command.o
                0x008001e0                command_state
 .bss.timer.1683
                0x008001e1        0x2 obj_ml65/common/avr/sleep_led.o
 *(COMMON)
 COMMON         0x008001e3        0x3 obj_ml65/protocol/lufa/LUFA-git/LUFA/Drivers/USB/Core/DeviceStandardReq.o
                0x008001e3                USB_Device_ConfigurationNumber
                0x008001e4                USB_Device_CurrentlySelfPowered
                0x008001e5                USB_Device_RemoteWakeupEnabled
 COMMON         0x008001e6        0xa obj_ml65/protocol/lufa/LUFA-git/LUFA/Drivers/USB/Core/USBTask.o
                0x008001e6                USB_IsInitialized
                0x008001e7                USB_DeviceState
                0x008001e8                USB_ControlRequest
 COMMON         0x008001f0        0x1 obj_ml65/common/bootmagic.o
                0x008001f0                keymap_config
                0x008001f1                PROVIDE (__bss_end, .)
                0x00005214                __data_load_start = LOADADDR (.data)
                0x0000524c                __data_load_end = (__data_load_start + SIZEOF (.data))

.noinit         0x008001f1        0x4
                [!provide]                PROVIDE (__noinit_start, .)
 *(.noinit*)
 .noinit        0x008001f1        0x4 obj_ml65/common/avr/bootloader.o
                0x008001f1                reset_key
                [!provide]                PROVIDE (__noinit_end, .)
                0x008001f5                _end = .
                [!provide]                PROVIDE (__heap_start, .)

.eeprom         0x00810000        0x0
 *(.eeprom*)
                0x00810000                __eeprom_end = .

.fuse
 *(.fuse)
 *(.lfuse)
 *(.hfuse)
 *(.efuse)

.lock
 *(.lock*)

.signature
 *(.signature*)

.user_signatures
 *(.user_signatures*)

.stab           0x00000000      0x8b8
 *(.stab)
 .stab          0x00000000      0x8b8 obj_ml65/common/avr/xprintf.o

.stabstr        0x00000000       0x9c
 *(.stabstr)
 .stabstr       0x00000000       0x9c obj_ml65/common/avr/xprintf.o

.stab.excl
 *(.stab.excl)

.stab.exclstr
 *(.stab.exclstr)

.stab.index
 *(.stab.index)

.stab.indexstr
 *(.stab.indexstr)

.comment        0x00000000       0x11
 *(.comment)
 .comment       0x00000000       0x11 obj_ml65/matrix.o
                                 0x12 (size before relaxing)
 .comment       0x00000011       0x12 obj_ml65/led.o
 .comment       0x00000011       0x12 obj_ml65/keymap.o
 .comment       0x00000011       0x12 obj_ml65/protocol/lufa/lufa.o
 .comment       0x00000011       0x12 obj_ml65/protocol/lufa/descriptor.o
 .comment       0x00000011       0x12 obj_ml65/protocol/lufa/LUFA-git/LUFA/Drivers/USB/Core/AVR8/Device_AVR8.o
 .comment       0x00000011       0x12 obj_ml65/protocol/lufa/LUFA-git/LUFA/Drivers/USB/Core/AVR8/EndpointStream_AVR8.o
 .comment       0x00000011       0x12 obj_ml65/protocol/lufa/LUFA-git/LUFA/Drivers/USB/Core/AVR8/Endpoint_AVR8.o
 .comment       0x00000011       0x12 obj_ml65/protocol/lufa/LUFA-git/LUFA/Drivers/USB/Core/AVR8/USBController_AVR8.o
 .comment       0x00000011       0x12 obj_ml65/protocol/lufa/LUFA-git/LUFA/Drivers/USB/Core/AVR8/USBInterrupt_AVR8.o
 .comment       0x00000011       0x12 obj_ml65/protocol/lufa/LUFA-git/LUFA/Drivers/USB/Core/DeviceStandardReq.o
 .comment       0x00000011       0x12 obj_ml65/protocol/lufa/LUFA-git/LUFA/Drivers/USB/Core/USBTask.o
 .comment       0x00000011       0x12 obj_ml65/common/host.o
 .comment       0x00000011       0x12 obj_ml65/common/keyboard.o
 .comment       0x00000011       0x12 obj_ml65/common/matrix.o
 .comment       0x00000011       0x12 obj_ml65/common/action.o
 .comment       0x00000011       0x12 obj_ml65/common/action_tapping.o
 .comment       0x00000011       0x12 obj_ml65/common/action_macro.o
 .comment       0x00000011       0x12 obj_ml65/common/action_layer.o
 .comment       0x00000011       0x12 obj_ml65/common/action_util.o
 .comment       0x00000011       0x12 obj_ml65/common/print.o
 .comment       0x00000011       0x12 obj_ml65/common/debug.o
 .comment       0x00000011       0x12 obj_ml65/common/util.o
 .comment       0x00000011       0x12 obj_ml65/common/hook.o
 .comment       0x00000011       0x12 obj_ml65/common/avr/suspend.o
 .comment       0x00000011       0x12 obj_ml65/common/avr/timer.o
 .comment       0x00000011       0x12 obj_ml65/common/avr/bootloader.o
 .comment       0x00000011       0x12 obj_ml65/common/keymap.o
 .comment       0x00000011       0x12 obj_ml65/common/bootmagic.o
 .comment       0x00000011       0x12 obj_ml65/common/avr/eeconfig.o
 .comment       0x00000011       0x12 obj_ml65/common/mousekey.o
 .comment       0x00000011       0x12 obj_ml65/common/command.o
 .comment       0x00000011       0x12 obj_ml65/common/avr/sleep_led.o

.note.gnu.avr.deviceinfo
                0x00000000       0x40
 .note.gnu.avr.deviceinfo
                0x00000000       0x40 /Applications/Arduino.app/Contents/Java/hardware/tools/avr/bin/../lib/gcc/avr/4.9.2/../../../../avr/lib/avr5/crtatmega32u4.o

.note.gnu.build-id
 *(.note.gnu.build-id)

.debug
 *(.debug)

.line
 *(.line)

.debug_srcinfo
 *(.debug_srcinfo)

.debug_sfnames
 *(.debug_sfnames)

.debug_aranges  0x00000000      0x9c8
 *(.debug_aranges)
 .debug_aranges
                0x00000000       0x68 obj_ml65/matrix.o
 .debug_aranges
                0x00000068       0x28 obj_ml65/led.o
 .debug_aranges
                0x00000090       0x18 obj_ml65/keymap.o
 .debug_aranges
                0x000000a8       0xb8 obj_ml65/protocol/lufa/lufa.o
 .debug_aranges
                0x00000160       0x20 obj_ml65/protocol/lufa/descriptor.o
 .debug_aranges
                0x00000180       0x20 obj_ml65/protocol/lufa/LUFA-git/LUFA/Drivers/USB/Core/AVR8/Device_AVR8.o
 .debug_aranges
                0x000001a0       0xc8 obj_ml65/protocol/lufa/LUFA-git/LUFA/Drivers/USB/Core/AVR8/EndpointStream_AVR8.o
 .debug_aranges
                0x00000268       0x40 obj_ml65/protocol/lufa/LUFA-git/LUFA/Drivers/USB/Core/AVR8/Endpoint_AVR8.o
 .debug_aranges
                0x000002a8       0x30 obj_ml65/protocol/lufa/LUFA-git/LUFA/Drivers/USB/Core/AVR8/USBController_AVR8.o
 .debug_aranges
                0x000002d8       0x38 obj_ml65/protocol/lufa/LUFA-git/LUFA/Drivers/USB/Core/AVR8/USBInterrupt_AVR8.o
 .debug_aranges
                0x00000310       0x20 obj_ml65/protocol/lufa/LUFA-git/LUFA/Drivers/USB/Core/DeviceStandardReq.o
 .debug_aranges
                0x00000330       0x20 obj_ml65/protocol/lufa/LUFA-git/LUFA/Drivers/USB/Core/USBTask.o
 .debug_aranges
                0x00000350       0x60 obj_ml65/common/host.o
 .debug_aranges
                0x000003b0       0x38 obj_ml65/common/keyboard.o
 .debug_aranges
                0x000003e8       0x58 obj_ml65/common/matrix.o
 .debug_aranges
                0x00000440       0x78 obj_ml65/common/action.o
 .debug_aranges
                0x000004b8       0x40 obj_ml65/common/action_tapping.o
 .debug_aranges
                0x000004f8       0x20 obj_ml65/common/action_macro.o
 .debug_aranges
                0x00000518       0xa0 obj_ml65/common/action_layer.o
 .debug_aranges
                0x000005b8       0xb0 obj_ml65/common/action_util.o
 .debug_aranges
                0x00000668       0x20 obj_ml65/common/print.o
 .debug_aranges
                0x00000688       0x18 obj_ml65/common/debug.o
 .debug_aranges
                0x000006a0       0x60 obj_ml65/common/util.o
 .debug_aranges
                0x00000700       0x48 obj_ml65/common/hook.o
 .debug_aranges
                0x00000748       0x38 obj_ml65/common/avr/suspend.o
 .debug_aranges
                0x00000780       0x50 obj_ml65/common/avr/timer.o
 .debug_aranges
                0x000007d0       0x28 obj_ml65/common/avr/bootloader.o
 .debug_aranges
                0x000007f8       0x48 obj_ml65/common/keymap.o
 .debug_aranges
                0x00000840       0x30 obj_ml65/common/bootmagic.o
 .debug_aranges
                0x00000870       0x68 obj_ml65/common/avr/eeconfig.o
 .debug_aranges
                0x000008d8       0x50 obj_ml65/common/mousekey.o
 .debug_aranges
                0x00000928       0x58 obj_ml65/common/command.o
 .debug_aranges
                0x00000980       0x48 obj_ml65/common/avr/sleep_led.o

.debug_pubnames
 *(.debug_pubnames)

.debug_info     0x00000000    0x100e1
 *(.debug_info .gnu.linkonce.wi.*)
 .debug_info    0x00000000      0x9f4 /Applications/Arduino.app/Contents/Java/hardware/tools/avr/bin/../lib/gcc/avr/4.9.2/../../../../avr/lib/avr5/crtatmega32u4.o
 .debug_info    0x000009f4      0x578 obj_ml65/matrix.o
 .debug_info    0x00000f6c      0x1d6 obj_ml65/led.o
 .debug_info    0x00001142      0x57d obj_ml65/keymap.o
 .debug_info    0x000016bf     0x1675 obj_ml65/protocol/lufa/lufa.o
 .debug_info    0x00002d34      0x818 obj_ml65/protocol/lufa/descriptor.o
 .debug_info    0x0000354c       0xd2 obj_ml65/protocol/lufa/LUFA-git/LUFA/Drivers/USB/Core/AVR8/Device_AVR8.o
 .debug_info    0x0000361e     0x17d6 obj_ml65/protocol/lufa/LUFA-git/LUFA/Drivers/USB/Core/AVR8/EndpointStream_AVR8.o
 .debug_info    0x00004df4      0x614 obj_ml65/protocol/lufa/LUFA-git/LUFA/Drivers/USB/Core/AVR8/Endpoint_AVR8.o
 .debug_info    0x00005408      0x4cb obj_ml65/protocol/lufa/LUFA-git/LUFA/Drivers/USB/Core/AVR8/USBController_AVR8.o
 .debug_info    0x000058d3      0x7c8 obj_ml65/protocol/lufa/LUFA-git/LUFA/Drivers/USB/Core/AVR8/USBInterrupt_AVR8.o
 .debug_info    0x0000609b      0xa57 obj_ml65/protocol/lufa/LUFA-git/LUFA/Drivers/USB/Core/DeviceStandardReq.o
 .debug_info    0x00006af2      0x26b obj_ml65/protocol/lufa/LUFA-git/LUFA/Drivers/USB/Core/USBTask.o
 .debug_info    0x00006d5d      0x55c obj_ml65/common/host.o
 .debug_info    0x000072b9      0x47f obj_ml65/common/keyboard.o
 .debug_info    0x00007738      0x19d obj_ml65/common/matrix.o
 .debug_info    0x000078d5     0x154b obj_ml65/common/action.o
 .debug_info    0x00008e20      0xe03 obj_ml65/common/action_tapping.o
 .debug_info    0x00009c23      0x8a4 obj_ml65/common/action_macro.o
 .debug_info    0x0000a4c7      0x7d3 obj_ml65/common/action_layer.o
 .debug_info    0x0000ac9a      0x715 obj_ml65/common/action_util.o
 .debug_info    0x0000b3af       0xda obj_ml65/common/print.o
 .debug_info    0x0000b489       0xfc obj_ml65/common/debug.o
 .debug_info    0x0000b585      0x29b obj_ml65/common/util.o
 .debug_info    0x0000b820      0x1ff obj_ml65/common/hook.o
 .debug_info    0x0000ba1f      0x1f6 obj_ml65/common/avr/suspend.o
 .debug_info    0x0000bc15      0x204 obj_ml65/common/avr/timer.o
 .debug_info    0x0000be19      0x204 obj_ml65/common/avr/bootloader.o
 .debug_info    0x0000c01d      0xefa obj_ml65/common/keymap.o
 .debug_info    0x0000cf17      0xf7f obj_ml65/common/bootmagic.o
 .debug_info    0x0000de96      0x3cb obj_ml65/common/avr/eeconfig.o
 .debug_info    0x0000e261      0x7c6 obj_ml65/common/mousekey.o
 .debug_info    0x0000ea27     0x1496 obj_ml65/common/command.o
 .debug_info    0x0000febd      0x224 obj_ml65/common/avr/sleep_led.o

.debug_abbrev   0x00000000     0x467d
 *(.debug_abbrev)
 .debug_abbrev  0x00000000      0x96a /Applications/Arduino.app/Contents/Java/hardware/tools/avr/bin/../lib/gcc/avr/4.9.2/../../../../avr/lib/avr5/crtatmega32u4.o
 .debug_abbrev  0x0000096a      0x336 obj_ml65/matrix.o
 .debug_abbrev  0x00000ca0      0x12d obj_ml65/led.o
 .debug_abbrev  0x00000dcd       0x96 obj_ml65/keymap.o
 .debug_abbrev  0x00000e63      0x4e8 obj_ml65/protocol/lufa/lufa.o
 .debug_abbrev  0x0000134b      0x177 obj_ml65/protocol/lufa/descriptor.o
 .debug_abbrev  0x000014c2       0x80 obj_ml65/protocol/lufa/LUFA-git/LUFA/Drivers/USB/Core/AVR8/Device_AVR8.o
 .debug_abbrev  0x00001542      0x204 obj_ml65/protocol/lufa/LUFA-git/LUFA/Drivers/USB/Core/AVR8/EndpointStream_AVR8.o
 .debug_abbrev  0x00001746      0x213 obj_ml65/protocol/lufa/LUFA-git/LUFA/Drivers/USB/Core/AVR8/Endpoint_AVR8.o
 .debug_abbrev  0x00001959      0x196 obj_ml65/protocol/lufa/LUFA-git/LUFA/Drivers/USB/Core/AVR8/USBController_AVR8.o
 .debug_abbrev  0x00001aef      0x23e obj_ml65/protocol/lufa/LUFA-git/LUFA/Drivers/USB/Core/AVR8/USBInterrupt_AVR8.o
 .debug_abbrev  0x00001d2d      0x2c9 obj_ml65/protocol/lufa/LUFA-git/LUFA/Drivers/USB/Core/DeviceStandardReq.o
 .debug_abbrev  0x00001ff6      0x168 obj_ml65/protocol/lufa/LUFA-git/LUFA/Drivers/USB/Core/USBTask.o
 .debug_abbrev  0x0000215e      0x229 obj_ml65/common/host.o
 .debug_abbrev  0x00002387      0x21d obj_ml65/common/keyboard.o
 .debug_abbrev  0x000025a4       0xf7 obj_ml65/common/matrix.o
 .debug_abbrev  0x0000269b      0x2ce obj_ml65/common/action.o
 .debug_abbrev  0x00002969      0x2d7 obj_ml65/common/action_tapping.o
 .debug_abbrev  0x00002c40      0x1a5 obj_ml65/common/action_macro.o
 .debug_abbrev  0x00002de5      0x20b obj_ml65/common/action_layer.o
 .debug_abbrev  0x00002ff0      0x31c obj_ml65/common/action_util.o
 .debug_abbrev  0x0000330c       0x97 obj_ml65/common/print.o
 .debug_abbrev  0x000033a3       0x87 obj_ml65/common/debug.o
 .debug_abbrev  0x0000342a       0xcb obj_ml65/common/util.o
 .debug_abbrev  0x000034f5      0x100 obj_ml65/common/hook.o
 .debug_abbrev  0x000035f5      0x172 obj_ml65/common/avr/suspend.o
 .debug_abbrev  0x00003767      0x11e obj_ml65/common/avr/timer.o
 .debug_abbrev  0x00003885      0x15c obj_ml65/common/avr/bootloader.o
 .debug_abbrev  0x000039e1      0x278 obj_ml65/common/keymap.o
 .debug_abbrev  0x00003c59      0x2ac obj_ml65/common/bootmagic.o
 .debug_abbrev  0x00003f05       0xef obj_ml65/common/avr/eeconfig.o
 .debug_abbrev  0x00003ff4      0x204 obj_ml65/common/mousekey.o
 .debug_abbrev  0x000041f8      0x345 obj_ml65/common/command.o
 .debug_abbrev  0x0000453d      0x140 obj_ml65/common/avr/sleep_led.o

.debug_line     0x00000000     0x8028
 *(.debug_line .debug_line.* .debug_line_end)
 .debug_line    0x00000000       0x1a /Applications/Arduino.app/Contents/Java/hardware/tools/avr/bin/../lib/gcc/avr/4.9.2/../../../../avr/lib/avr5/crtatmega32u4.o
 .debug_line    0x0000001a      0x359 obj_ml65/matrix.o
 .debug_line    0x00000373      0x142 obj_ml65/led.o
 .debug_line    0x000004b5       0xdd obj_ml65/keymap.o
 .debug_line    0x00000592      0xb59 obj_ml65/protocol/lufa/lufa.o
 .debug_line    0x000010eb      0x270 obj_ml65/protocol/lufa/descriptor.o
 .debug_line    0x0000135b      0x16e obj_ml65/protocol/lufa/LUFA-git/LUFA/Drivers/USB/Core/AVR8/Device_AVR8.o
 .debug_line    0x000014c9     0x14ac obj_ml65/protocol/lufa/LUFA-git/LUFA/Drivers/USB/Core/AVR8/EndpointStream_AVR8.o
 .debug_line    0x00002975      0x54d obj_ml65/protocol/lufa/LUFA-git/LUFA/Drivers/USB/Core/AVR8/Endpoint_AVR8.o
 .debug_line    0x00002ec2      0x389 obj_ml65/protocol/lufa/LUFA-git/LUFA/Drivers/USB/Core/AVR8/USBController_AVR8.o
 .debug_line    0x0000324b      0x5f1 obj_ml65/protocol/lufa/LUFA-git/LUFA/Drivers/USB/Core/AVR8/USBInterrupt_AVR8.o
 .debug_line    0x0000383c      0x4f4 obj_ml65/protocol/lufa/LUFA-git/LUFA/Drivers/USB/Core/DeviceStandardReq.o
 .debug_line    0x00003d30      0x1da obj_ml65/protocol/lufa/LUFA-git/LUFA/Drivers/USB/Core/USBTask.o
 .debug_line    0x00003f0a      0x2d0 obj_ml65/common/host.o
 .debug_line    0x000041da      0x27f obj_ml65/common/keyboard.o
 .debug_line    0x00004459      0x15f obj_ml65/common/matrix.o
 .debug_line    0x000045b8      0x85c obj_ml65/common/action.o
 .debug_line    0x00004e14      0x508 obj_ml65/common/action_tapping.o
 .debug_line    0x0000531c      0x24f obj_ml65/common/action_macro.o
 .debug_line    0x0000556b      0x2ee obj_ml65/common/action_layer.o
 .debug_line    0x00005859      0x3f2 obj_ml65/common/action_util.o
 .debug_line    0x00005c4b       0xc3 obj_ml65/common/print.o
 .debug_line    0x00005d0e       0x95 obj_ml65/common/debug.o
 .debug_line    0x00005da3      0x2a9 obj_ml65/common/util.o
 .debug_line    0x0000604c      0x109 obj_ml65/common/hook.o
 .debug_line    0x00006155      0x18b obj_ml65/common/avr/suspend.o
 .debug_line    0x000062e0      0x1ec obj_ml65/common/avr/timer.o
 .debug_line    0x000064cc      0x264 obj_ml65/common/avr/bootloader.o
 .debug_line    0x00006730      0x402 obj_ml65/common/keymap.o
 .debug_line    0x00006b32      0x45e obj_ml65/common/bootmagic.o
 .debug_line    0x00006f90      0x1e0 obj_ml65/common/avr/eeconfig.o
 .debug_line    0x00007170      0x640 obj_ml65/common/mousekey.o
 .debug_line    0x000077b0      0x704 obj_ml65/common/command.o
 .debug_line    0x00007eb4      0x174 obj_ml65/common/avr/sleep_led.o

.debug_frame    0x00000000     0x1b54
 *(.debug_frame)
 .debug_frame   0x00000000      0x150 obj_ml65/matrix.o
 .debug_frame   0x00000150       0x48 obj_ml65/led.o
 .debug_frame   0x00000198      0x188 obj_ml65/protocol/lufa/lufa.o
 .debug_frame   0x00000320       0x24 obj_ml65/protocol/lufa/descriptor.o
 .debug_frame   0x00000344       0x24 obj_ml65/protocol/lufa/LUFA-git/LUFA/Drivers/USB/Core/AVR8/Device_AVR8.o
 .debug_frame   0x00000368      0x42c obj_ml65/protocol/lufa/LUFA-git/LUFA/Drivers/USB/Core/AVR8/EndpointStream_AVR8.o
 .debug_frame   0x00000794       0x88 obj_ml65/protocol/lufa/LUFA-git/LUFA/Drivers/USB/Core/AVR8/Endpoint_AVR8.o
 .debug_frame   0x0000081c       0x5c obj_ml65/protocol/lufa/LUFA-git/LUFA/Drivers/USB/Core/AVR8/USBController_AVR8.o
 .debug_frame   0x00000878      0x108 obj_ml65/protocol/lufa/LUFA-git/LUFA/Drivers/USB/Core/AVR8/USBInterrupt_AVR8.o
 .debug_frame   0x00000980       0x3c obj_ml65/protocol/lufa/LUFA-git/LUFA/Drivers/USB/Core/DeviceStandardReq.o
 .debug_frame   0x000009bc       0x2c obj_ml65/protocol/lufa/LUFA-git/LUFA/Drivers/USB/Core/USBTask.o
 .debug_frame   0x000009e8      0x110 obj_ml65/common/host.o
 .debug_frame   0x00000af8       0x8c obj_ml65/common/keyboard.o
 .debug_frame   0x00000b84       0xe8 obj_ml65/common/matrix.o
 .debug_frame   0x00000c6c      0x150 obj_ml65/common/action.o
 .debug_frame   0x00000dbc       0xc8 obj_ml65/common/action_tapping.o
 .debug_frame   0x00000e84       0x50 obj_ml65/common/action_macro.o
 .debug_frame   0x00000ed4      0x1cc obj_ml65/common/action_layer.o
 .debug_frame   0x000010a0      0x170 obj_ml65/common/action_util.o
 .debug_frame   0x00001210       0x24 obj_ml65/common/print.o
 .debug_frame   0x00001234      0x11c obj_ml65/common/util.o
 .debug_frame   0x00001350       0x88 obj_ml65/common/hook.o
 .debug_frame   0x000013d8       0x54 obj_ml65/common/avr/suspend.o
 .debug_frame   0x0000142c       0xf0 obj_ml65/common/avr/timer.o
 .debug_frame   0x0000151c       0x34 obj_ml65/common/avr/bootloader.o
 .debug_frame   0x00001550       0x74 obj_ml65/common/keymap.o
 .debug_frame   0x000015c4       0x6c obj_ml65/common/bootmagic.o
 .debug_frame   0x00001630       0xb4 obj_ml65/common/avr/eeconfig.o
 .debug_frame   0x000016e4       0xf0 obj_ml65/common/mousekey.o
 .debug_frame   0x000017d4      0x2b8 obj_ml65/common/command.o
 .debug_frame   0x00001a8c       0xc8 obj_ml65/common/avr/sleep_led.o

.debug_str      0x00000000     0x4247
 *(.debug_str)
 .debug_str     0x00000000      0x371 /Applications/Arduino.app/Contents/Java/hardware/tools/avr/bin/../lib/gcc/avr/4.9.2/../../../../avr/lib/avr5/crtatmega32u4.o
 .debug_str     0x00000371      0x2a9 obj_ml65/matrix.o
                                0x320 (size before relaxing)
 .debug_str     0x0000061a       0x1e obj_ml65/led.o
                                0x1ec (size before relaxing)
 .debug_str     0x00000638      0x5e9 obj_ml65/keymap.o
                                0x775 (size before relaxing)
 .debug_str     0x00000c21      0x89f obj_ml65/protocol/lufa/lufa.o
                                0xb1a (size before relaxing)
 .debug_str     0x000014c0      0x7d3 obj_ml65/protocol/lufa/descriptor.o
                                0x9bb (size before relaxing)
 .debug_str     0x00001c93       0x77 obj_ml65/protocol/lufa/LUFA-git/LUFA/Drivers/USB/Core/AVR8/Device_AVR8.o
                                0x208 (size before relaxing)
 .debug_str     0x00001d0a      0x4f9 obj_ml65/protocol/lufa/LUFA-git/LUFA/Drivers/USB/Core/AVR8/EndpointStream_AVR8.o
                                0x86a (size before relaxing)
 .debug_str     0x00002203      0x226 obj_ml65/protocol/lufa/LUFA-git/LUFA/Drivers/USB/Core/AVR8/Endpoint_AVR8.o
                                0x62a (size before relaxing)
 .debug_str     0x00002429      0x1d9 obj_ml65/protocol/lufa/LUFA-git/LUFA/Drivers/USB/Core/AVR8/USBController_AVR8.o
                                0x569 (size before relaxing)
 .debug_str     0x00002602      0x125 obj_ml65/protocol/lufa/LUFA-git/LUFA/Drivers/USB/Core/AVR8/USBInterrupt_AVR8.o
                                0x5e8 (size before relaxing)
 .debug_str     0x00002727      0x413 obj_ml65/protocol/lufa/LUFA-git/LUFA/Drivers/USB/Core/DeviceStandardReq.o
                                0x9dc (size before relaxing)
 .debug_str     0x00002b3a       0x6a obj_ml65/protocol/lufa/LUFA-git/LUFA/Drivers/USB/Core/USBTask.o
                                0x38f (size before relaxing)
 .debug_str     0x00002ba4       0xb5 obj_ml65/common/host.o
                                0x381 (size before relaxing)
 .debug_str     0x00002c59       0xff obj_ml65/common/keyboard.o
                                0x382 (size before relaxing)
 .debug_str     0x00002d58       0x3d obj_ml65/common/matrix.o
                                0x211 (size before relaxing)
 .debug_str     0x00002d95      0x870 obj_ml65/common/action.o
                               0x10e7 (size before relaxing)
 .debug_str     0x00003605       0xe8 obj_ml65/common/action_tapping.o
                                0xada (size before relaxing)
 .debug_str     0x000036ed       0x8d obj_ml65/common/action_macro.o
                                0x8c5 (size before relaxing)
 .debug_str     0x0000377a       0xa1 obj_ml65/common/action_layer.o
                                0x41a (size before relaxing)
 .debug_str     0x0000381b       0xeb obj_ml65/common/action_util.o
                                0x3fc (size before relaxing)
 .debug_str     0x00003906       0x32 obj_ml65/common/print.o
                                0x1b2 (size before relaxing)
 .debug_str     0x00003938       0x1a obj_ml65/common/debug.o
                                0x1c8 (size before relaxing)
 .debug_str     0x00003952       0x4b obj_ml65/common/util.o
                                0x1de (size before relaxing)
 .debug_str     0x0000399d       0x28 obj_ml65/common/hook.o
                                0x276 (size before relaxing)
 .debug_str     0x000039c5       0x39 obj_ml65/common/avr/suspend.o
                                0x273 (size before relaxing)
 .debug_str     0x000039fe       0x72 obj_ml65/common/avr/timer.o
                                0x205 (size before relaxing)
 .debug_str     0x00003a70       0x73 obj_ml65/common/avr/bootloader.o
                                0x272 (size before relaxing)
 .debug_str     0x00003ae3       0xec obj_ml65/common/keymap.o
                                0xe97 (size before relaxing)
 .debug_str     0x00003bcf       0xe0 obj_ml65/common/bootmagic.o
                                0xbbd (size before relaxing)
 .debug_str     0x00003caf       0x77 obj_ml65/common/avr/eeconfig.o
                                0x2ac (size before relaxing)
 .debug_str     0x00003d26       0xf9 obj_ml65/common/mousekey.o
                                0x69a (size before relaxing)
 .debug_str     0x00003e1f      0x3c0 obj_ml65/common/command.o
                                0xd3c (size before relaxing)
 .debug_str     0x000041df       0x68 obj_ml65/common/avr/sleep_led.o
                                0x23d (size before relaxing)

.debug_loc      0x00000000     0x7d5c
 *(.debug_loc)
 .debug_loc     0x00000000      0x395 obj_ml65/matrix.o
 .debug_loc     0x00000395       0x74 obj_ml65/led.o
 .debug_loc     0x00000409      0x710 obj_ml65/protocol/lufa/lufa.o
 .debug_loc     0x00000b19      0x20a obj_ml65/protocol/lufa/descriptor.o
 .debug_loc     0x00000d23     0x1ea0 obj_ml65/protocol/lufa/LUFA-git/LUFA/Drivers/USB/Core/AVR8/EndpointStream_AVR8.o
 .debug_loc     0x00002bc3      0x3df obj_ml65/protocol/lufa/LUFA-git/LUFA/Drivers/USB/Core/AVR8/Endpoint_AVR8.o
 .debug_loc     0x00002fa2       0x49 obj_ml65/protocol/lufa/LUFA-git/LUFA/Drivers/USB/Core/AVR8/USBController_AVR8.o
 .debug_loc     0x00002feb      0x363 obj_ml65/protocol/lufa/LUFA-git/LUFA/Drivers/USB/Core/AVR8/USBInterrupt_AVR8.o
 .debug_loc     0x0000334e      0x2e7 obj_ml65/protocol/lufa/LUFA-git/LUFA/Drivers/USB/Core/DeviceStandardReq.o
 .debug_loc     0x00003635       0x49 obj_ml65/protocol/lufa/LUFA-git/LUFA/Drivers/USB/Core/USBTask.o
 .debug_loc     0x0000367e      0x2a2 obj_ml65/common/host.o
 .debug_loc     0x00003920      0x14d obj_ml65/common/keyboard.o
 .debug_loc     0x00003a6d      0x162 obj_ml65/common/matrix.o
 .debug_loc     0x00003bcf      0xd4b obj_ml65/common/action.o
 .debug_loc     0x0000491a      0x64d obj_ml65/common/action_tapping.o
 .debug_loc     0x00004f67      0x578 obj_ml65/common/action_macro.o
 .debug_loc     0x000054df      0x516 obj_ml65/common/action_layer.o
 .debug_loc     0x000059f5      0x3f6 obj_ml65/common/action_util.o
 .debug_loc     0x00005deb      0x524 obj_ml65/common/util.o
 .debug_loc     0x0000630f       0x69 obj_ml65/common/hook.o
 .debug_loc     0x00006378       0x4d obj_ml65/common/avr/suspend.o
 .debug_loc     0x000063c5      0x20a obj_ml65/common/avr/timer.o
 .debug_loc     0x000065cf      0x1d6 obj_ml65/common/keymap.o
 .debug_loc     0x000067a5      0x299 obj_ml65/common/bootmagic.o
 .debug_loc     0x00006a3e       0x84 obj_ml65/common/avr/eeconfig.o
 .debug_loc     0x00006ac2      0x574 obj_ml65/common/mousekey.o
 .debug_loc     0x00007036      0xc1f obj_ml65/common/command.o
 .debug_loc     0x00007c55      0x107 obj_ml65/common/avr/sleep_led.o

.debug_macinfo
 *(.debug_macinfo)

.debug_weaknames
 *(.debug_weaknames)

.debug_funcnames
 *(.debug_funcnames)

.debug_typenames
 *(.debug_typenames)

.debug_varnames
 *(.debug_varnames)

.debug_pubtypes
 *(.debug_pubtypes)

.debug_ranges   0x00000000      0xa90
 *(.debug_ranges)
 .debug_ranges  0x00000000       0x88 obj_ml65/matrix.o
 .debug_ranges  0x00000088       0x18 obj_ml65/led.o
 .debug_ranges  0x000000a0       0xa8 obj_ml65/protocol/lufa/lufa.o
 .debug_ranges  0x00000148       0x10 obj_ml65/protocol/lufa/descriptor.o
 .debug_ranges  0x00000158       0x10 obj_ml65/protocol/lufa/LUFA-git/LUFA/Drivers/USB/Core/AVR8/Device_AVR8.o
 .debug_ranges  0x00000168      0x1f8 obj_ml65/protocol/lufa/LUFA-git/LUFA/Drivers/USB/Core/AVR8/EndpointStream_AVR8.o
 .debug_ranges  0x00000360       0x78 obj_ml65/protocol/lufa/LUFA-git/LUFA/Drivers/USB/Core/AVR8/Endpoint_AVR8.o
 .debug_ranges  0x000003d8       0x20 obj_ml65/protocol/lufa/LUFA-git/LUFA/Drivers/USB/Core/AVR8/USBController_AVR8.o
 .debug_ranges  0x000003f8       0x40 obj_ml65/protocol/lufa/LUFA-git/LUFA/Drivers/USB/Core/AVR8/USBInterrupt_AVR8.o
 .debug_ranges  0x00000438       0x28 obj_ml65/protocol/lufa/LUFA-git/LUFA/Drivers/USB/Core/DeviceStandardReq.o
 .debug_ranges  0x00000460       0x10 obj_ml65/protocol/lufa/LUFA-git/LUFA/Drivers/USB/Core/USBTask.o
 .debug_ranges  0x00000470       0x50 obj_ml65/common/host.o
 .debug_ranges  0x000004c0       0x28 obj_ml65/common/keyboard.o
 .debug_ranges  0x000004e8       0x48 obj_ml65/common/matrix.o
 .debug_ranges  0x00000530       0xf0 obj_ml65/common/action.o
 .debug_ranges  0x00000620       0x48 obj_ml65/common/action_tapping.o
 .debug_ranges  0x00000668       0x28 obj_ml65/common/action_macro.o
 .debug_ranges  0x00000690       0x90 obj_ml65/common/action_layer.o
 .debug_ranges  0x00000720       0xe8 obj_ml65/common/action_util.o
 .debug_ranges  0x00000808       0x10 obj_ml65/common/print.o
 .debug_ranges  0x00000818       0x50 obj_ml65/common/util.o
 .debug_ranges  0x00000868       0x38 obj_ml65/common/hook.o
 .debug_ranges  0x000008a0       0x28 obj_ml65/common/avr/suspend.o
 .debug_ranges  0x000008c8       0x40 obj_ml65/common/avr/timer.o
 .debug_ranges  0x00000908       0x18 obj_ml65/common/avr/bootloader.o
 .debug_ranges  0x00000920       0x38 obj_ml65/common/keymap.o
 .debug_ranges  0x00000958       0x20 obj_ml65/common/bootmagic.o
 .debug_ranges  0x00000978       0x58 obj_ml65/common/avr/eeconfig.o
 .debug_ranges  0x000009d0       0x40 obj_ml65/common/mousekey.o
 .debug_ranges  0x00000a10       0x48 obj_ml65/common/command.o
 .debug_ranges  0x00000a58       0x38 obj_ml65/common/avr/sleep_led.o

.debug_macro
 *(.debug_macro)
OUTPUT(ml65.elf elf32-avr)
LOAD linker stubs

Cross Reference Table

Symbol                                            File
CALLBACK_HIDParser_FilterHIDReportItem            obj_ml65/protocol/lufa/LUFA-git/LUFA/Drivers/USB/Class/Common/HIDParser.o
CALLBACK_USB_GetDescriptor                        obj_ml65/protocol/lufa/descriptor.o
                                                  obj_ml65/protocol/lufa/LUFA-git/LUFA/Drivers/USB/Core/DeviceStandardReq.o
ConfigurationDescriptor                           obj_ml65/protocol/lufa/descriptor.o
ConsoleReport                                     obj_ml65/protocol/lufa/descriptor.o
DeviceDescriptor                                  obj_ml65/protocol/lufa/descriptor.o
EVENT_USB_Device_ConfigurationChanged             obj_ml65/protocol/lufa/lufa.o
                                                  obj_ml65/protocol/lufa/LUFA-git/LUFA/Drivers/USB/Core/DeviceStandardReq.o
EVENT_USB_Device_Connect                          obj_ml65/protocol/lufa/lufa.o
                                                  obj_ml65/protocol/lufa/LUFA-git/LUFA/Drivers/USB/Core/AVR8/USBInterrupt_AVR8.o
EVENT_USB_Device_ControlRequest                   obj_ml65/protocol/lufa/lufa.o
                                                  obj_ml65/protocol/lufa/LUFA-git/LUFA/Drivers/USB/Core/DeviceStandardReq.o
EVENT_USB_Device_Disconnect                       obj_ml65/protocol/lufa/lufa.o
                                                  obj_ml65/protocol/lufa/LUFA-git/LUFA/Drivers/USB/Core/AVR8/USBInterrupt_AVR8.o
EVENT_USB_Device_Reset                            obj_ml65/protocol/lufa/lufa.o
                                                  obj_ml65/protocol/lufa/LUFA-git/LUFA/Drivers/USB/Core/AVR8/USBInterrupt_AVR8.o
EVENT_USB_Device_StartOfFrame                     obj_ml65/protocol/lufa/lufa.o
                                                  obj_ml65/protocol/lufa/LUFA-git/LUFA/Drivers/USB/Core/AVR8/USBInterrupt_AVR8.o
EVENT_USB_Device_Suspend                          obj_ml65/protocol/lufa/lufa.o
                                                  obj_ml65/protocol/lufa/LUFA-git/LUFA/Drivers/USB/Core/AVR8/USBInterrupt_AVR8.o
EVENT_USB_Device_WakeUp                           obj_ml65/protocol/lufa/lufa.o
                                                  obj_ml65/protocol/lufa/LUFA-git/LUFA/Drivers/USB/Core/AVR8/USBInterrupt_AVR8.o
Endpoint_ClearEndpoints                           obj_ml65/protocol/lufa/LUFA-git/LUFA/Drivers/USB/Core/AVR8/Endpoint_AVR8.o
Endpoint_ClearStatusStage                         obj_ml65/protocol/lufa/LUFA-git/LUFA/Drivers/USB/Core/AVR8/Endpoint_AVR8.o
                                                  obj_ml65/protocol/lufa/LUFA-git/LUFA/Drivers/USB/Core/DeviceStandardReq.o
                                                  obj_ml65/protocol/lufa/lufa.o
Endpoint_ConfigureEndpointTable                   obj_ml65/protocol/lufa/LUFA-git/LUFA/Drivers/USB/Core/AVR8/Endpoint_AVR8.o
Endpoint_ConfigureEndpoint_Prv                    obj_ml65/protocol/lufa/LUFA-git/LUFA/Drivers/USB/Core/AVR8/Endpoint_AVR8.o
                                                  obj_ml65/protocol/lufa/LUFA-git/LUFA/Drivers/USB/Core/AVR8/USBInterrupt_AVR8.o
                                                  obj_ml65/protocol/lufa/LUFA-git/LUFA/Drivers/USB/Core/AVR8/USBController_AVR8.o
                                                  obj_ml65/protocol/lufa/lufa.o
Endpoint_Discard_Stream                           obj_ml65/protocol/lufa/LUFA-git/LUFA/Drivers/USB/Core/AVR8/EndpointStream_AVR8.o
Endpoint_Null_Stream                              obj_ml65/protocol/lufa/LUFA-git/LUFA/Drivers/USB/Core/AVR8/EndpointStream_AVR8.o
Endpoint_Read_Control_EStream_BE                  obj_ml65/protocol/lufa/LUFA-git/LUFA/Drivers/USB/Core/AVR8/EndpointStream_AVR8.o
Endpoint_Read_Control_EStream_LE                  obj_ml65/protocol/lufa/LUFA-git/LUFA/Drivers/USB/Core/AVR8/EndpointStream_AVR8.o
Endpoint_Read_Control_Stream_BE                   obj_ml65/protocol/lufa/LUFA-git/LUFA/Drivers/USB/Core/AVR8/EndpointStream_AVR8.o
Endpoint_Read_Control_Stream_LE                   obj_ml65/protocol/lufa/LUFA-git/LUFA/Drivers/USB/Core/AVR8/EndpointStream_AVR8.o
Endpoint_Read_EStream_BE                          obj_ml65/protocol/lufa/LUFA-git/LUFA/Drivers/USB/Core/AVR8/EndpointStream_AVR8.o
Endpoint_Read_EStream_LE                          obj_ml65/protocol/lufa/LUFA-git/LUFA/Drivers/USB/Core/AVR8/EndpointStream_AVR8.o
Endpoint_Read_Stream_BE                           obj_ml65/protocol/lufa/LUFA-git/LUFA/Drivers/USB/Core/AVR8/EndpointStream_AVR8.o
Endpoint_Read_Stream_LE                           obj_ml65/protocol/lufa/LUFA-git/LUFA/Drivers/USB/Core/AVR8/EndpointStream_AVR8.o
Endpoint_WaitUntilReady                           obj_ml65/protocol/lufa/LUFA-git/LUFA/Drivers/USB/Core/AVR8/Endpoint_AVR8.o
                                                  obj_ml65/protocol/lufa/LUFA-git/LUFA/Drivers/USB/Core/AVR8/EndpointStream_AVR8.o
Endpoint_Write_Control_EStream_BE                 obj_ml65/protocol/lufa/LUFA-git/LUFA/Drivers/USB/Core/AVR8/EndpointStream_AVR8.o
Endpoint_Write_Control_EStream_LE                 obj_ml65/protocol/lufa/LUFA-git/LUFA/Drivers/USB/Core/AVR8/EndpointStream_AVR8.o